<html>
<body>
<pre>
<h1>µVision Build Log</h1>
<h2>Tool Versions:</h2>
IDE-Version: µVision V5.31.0.0
Copyright (C) 2020 ARM Ltd and ARM Germany GmbH. All rights reserved.
License Information: Trung Nguyen, xnxx, LIC=14HV2-93ISK-45QT5-GZ6M5-VJYC6-WS6QD
 
Tool Versions:
Toolchain:       MDK-ARM Plus  Version: 5.31.0.0
Toolchain Path:  C:\Keil_v5\ARM\ARMCC\Bin
C Compiler:      Armcc.exe V5.06 update 6 (build 750)
Assembler:       Armasm.exe V5.06 update 6 (build 750)
Linker/Locator:  ArmLink.exe V5.06 update 6 (build 750)
Library Manager: ArmAr.exe V5.06 update 6 (build 750)
Hex Converter:   FromElf.exe V5.06 update 6 (build 750)
CPU DLL:         SARMCM3.DLL V5.31.0.0
Dialog DLL:      DCM.DLL V1.17.3.0
Target DLL:      STLink\ST-LINKIII-KEIL_SWO.dll V3.0.7.0
Dialog DLL:      TCM.DLL V1.46.0.0
 
<h2>Project:</h2>
C:\Users\84886\Desktop\Project STM32\SDC 2023\F407VE_MAIN\MDK-ARM\F407_Main.uvprojx
Project File Date:  01/04/2024

<h2>Output:</h2>
*** Using Compiler 'V5.06 update 6 (build 750)', folder: 'C:\Keil_v5\ARM\ARMCC\Bin'
Build target 'F407_Main'
compiling main.c...
Warning: C4008W: splitting LDM/STM has no benefit
../Core/Src/main.c(297): warning:  #188-D: enumerated type mixed with another type
      HAL_GPIO_WritePin(M3_EN_GPIO_Port, M3_EN_Pin, 1);
../Core/Src/main.c(302): warning:  #188-D: enumerated type mixed with another type
      HAL_GPIO_WritePin(M3_EN_GPIO_Port, M3_EN_Pin, 1);
../Core/Src/main.c(309): warning:  #188-D: enumerated type mixed with another type
      HAL_GPIO_WritePin(M3_EN_GPIO_Port, M3_EN_Pin, 0);
../Core/Src/main.c(400): warning:  #188-D: enumerated type mixed with another type
        HAL_GPIO_WritePin(USL4_GPIO_Port, USL4_Pin, 1);
../Core/Src/main.c(401): warning:  #69-D: integer conversion resulted in truncation
        Buzzer_Beep(3, 500);
../Core/Src/main.c(403): warning:  #188-D: enumerated type mixed with another type
        HAL_GPIO_WritePin(BUZZER_GPIO_Port, BUZZER_Pin, 1);
../Core/Src/main.c(437): warning:  #188-D: enumerated type mixed with another type
        HAL_GPIO_WritePin(DIR_M1_GPIO_Port, DIR_M1_Pin, 1);
../Core/Src/main.c(438): warning:  #188-D: enumerated type mixed with another type
        HAL_GPIO_WritePin(DIR_M2_GPIO_Port, DIR_M2_Pin, 1);
../Core/Src/main.c(440): warning:  #188-D: enumerated type mixed with another type
        HAL_GPIO_WritePin(DIR_M1_GPIO_Port, DIR_M1_Pin, 0);
../Core/Src/main.c(441): warning:  #188-D: enumerated type mixed with another type
        HAL_GPIO_WritePin(DIR_M2_GPIO_Port, DIR_M2_Pin, 0);
../Core/Src/main.c(451): warning:  #188-D: enumerated type mixed with another type
        HAL_GPIO_WritePin(DIR_M1_GPIO_Port, DIR_M1_Pin, 1);
../Core/Src/main.c(452): warning:  #188-D: enumerated type mixed with another type
        HAL_GPIO_WritePin(DIR_M2_GPIO_Port, DIR_M2_Pin, 1);
../Core/Src/main.c(454): warning:  #188-D: enumerated type mixed with another type
        HAL_GPIO_WritePin(DIR_M1_GPIO_Port, DIR_M1_Pin, 0);
../Core/Src/main.c(455): warning:  #188-D: enumerated type mixed with another type
        HAL_GPIO_WritePin(DIR_M2_GPIO_Port, DIR_M2_Pin, 0);
../Core/Src/main.c(470): warning:  #188-D: enumerated type mixed with another type
        HAL_GPIO_WritePin(USL4_GPIO_Port, USL4_Pin, 0);
../Core/Src/main.c(486): warning:  #188-D: enumerated type mixed with another type
        HAL_GPIO_WritePin(USL4_GPIO_Port, USL4_Pin, 1);
../Core/Src/main.c(487): warning:  #188-D: enumerated type mixed with another type
        HAL_GPIO_WritePin(BUZZER_GPIO_Port, BUZZER_Pin, 1);
../Core/Src/main.c(493): warning:  #188-D: enumerated type mixed with another type
        HAL_GPIO_WritePin(USL3_GPIO_Port, USL3_Pin, 0);
../Core/Src/main.c(755): warning:  #188-D: enumerated type mixed with another type
          HAL_GPIO_WritePin(DIR_M1_GPIO_Port, DIR_M1_Pin, 0);
../Core/Src/main.c(756): warning:  #188-D: enumerated type mixed with another type
          HAL_GPIO_WritePin(DIR_M2_GPIO_Port, DIR_M2_Pin, 0);
../Core/Src/main.c(760): warning:  #188-D: enumerated type mixed with another type
          HAL_GPIO_WritePin(DIR_M1_GPIO_Port, DIR_M1_Pin, 1);
../Core/Src/main.c(761): warning:  #188-D: enumerated type mixed with another type
          HAL_GPIO_WritePin(DIR_M2_GPIO_Port, DIR_M2_Pin, 1);
../Core/Src/main.c(802): warning:  #188-D: enumerated type mixed with another type
          HAL_GPIO_WritePin(DIR_M1_GPIO_Port, DIR_M1_Pin, 0);
../Core/Src/main.c(803): warning:  #188-D: enumerated type mixed with another type
          HAL_GPIO_WritePin(DIR_M2_GPIO_Port, DIR_M2_Pin, 0);
../Core/Src/main.c(807): warning:  #188-D: enumerated type mixed with another type
          HAL_GPIO_WritePin(DIR_M1_GPIO_Port, DIR_M1_Pin, 1);
../Core/Src/main.c(808): warning:  #188-D: enumerated type mixed with another type
          HAL_GPIO_WritePin(DIR_M2_GPIO_Port, DIR_M2_Pin, 1);
../Core/Src/main.c(849): warning:  #188-D: enumerated type mixed with another type
          HAL_GPIO_WritePin(DIR_M1_GPIO_Port, DIR_M1_Pin, 0);
../Core/Src/main.c(850): warning:  #188-D: enumerated type mixed with another type
          HAL_GPIO_WritePin(DIR_M2_GPIO_Port, DIR_M2_Pin, 0);
../Core/Src/main.c(854): warning:  #188-D: enumerated type mixed with another type
          HAL_GPIO_WritePin(DIR_M1_GPIO_Port, DIR_M1_Pin, 1);
../Core/Src/main.c(855): warning:  #188-D: enumerated type mixed with another type
          HAL_GPIO_WritePin(DIR_M2_GPIO_Port, DIR_M2_Pin, 1);
../Core/Src/main.c(883): warning:  #188-D: enumerated type mixed with another type
        HAL_GPIO_WritePin(DIR_M1_GPIO_Port, DIR_M1_Pin, 1);
../Core/Src/main.c(884): warning:  #188-D: enumerated type mixed with another type
        HAL_GPIO_WritePin(DIR_M2_GPIO_Port, DIR_M2_Pin, 1);
../Core/Src/main.c(888): warning:  #188-D: enumerated type mixed with another type
        HAL_GPIO_WritePin(DIR_M1_GPIO_Port, DIR_M1_Pin, 0);
../Core/Src/main.c(889): warning:  #188-D: enumerated type mixed with another type
        HAL_GPIO_WritePin(DIR_M2_GPIO_Port, DIR_M2_Pin, 0);
../Core/Src/main.c: 35 warnings, 0 errors
linking...
Program Size: Code=37660 RO-data=488 RW-data=184 ZI-data=2200  
FromELF: creating hex file...
"F407_Main\F407_Main.axf" - 0 Error(s), 35 Warning(s).

<h2>Software Packages used:</h2>

Package Vendor: ARM
                http://www.keil.com/pack/ARM.CMSIS.5.7.0.pack
                ARM.CMSIS.5.7.0
                CMSIS (Cortex Microcontroller Software Interface Standard)
   * Component: CORE Version: 5.4.0

Package Vendor: Keil
                https://www.keil.com/pack/Keil.STM32F4xx_DFP.2.17.0.pack
                Keil.STM32F4xx_DFP.2.17.0
                STMicroelectronics STM32F4 Series Device Support, Drivers and Examples

<h2>Collection of Component include folders:</h2>
  .\RTE\_F407_Main
  C:\Users\84886\AppData\Local\Arm\Packs\ARM\CMSIS\5.7.0\CMSIS\Core\Include
  C:\Users\84886\AppData\Local\Arm\Packs\Keil\STM32F4xx_DFP\2.17.0\Drivers\CMSIS\Device\ST\STM32F4xx\Include

<h2>Collection of Component Files used:</h2>

   * Component: ARM::CMSIS:CORE:5.4.0
Build Time Elapsed:  00:00:06
</pre>
</body>
</html>
