Component: ARM Compiler 5.06 update 6 (build 750) Tool: armlink [4d35ed]

==============================================================================

Section Cross References

    startup_stm32f407xx.o(STACK) refers (Special) to heapauxi.o(.text) for __use_two_region_memory
    startup_stm32f407xx.o(HEAP) refers (Special) to heapauxi.o(.text) for __use_two_region_memory
    startup_stm32f407xx.o(RESET) refers (Special) to heapauxi.o(.text) for __use_two_region_memory
    startup_stm32f407xx.o(RESET) refers to startup_stm32f407xx.o(STACK) for __initial_sp
    startup_stm32f407xx.o(RESET) refers to startup_stm32f407xx.o(.text) for Reset_Handler
    startup_stm32f407xx.o(RESET) refers to stm32f4xx_it.o(i.NMI_Handler) for NMI_Handler
    startup_stm32f407xx.o(RESET) refers to stm32f4xx_it.o(i.HardFault_Handler) for HardFault_Handler
    startup_stm32f407xx.o(RESET) refers to stm32f4xx_it.o(i.MemManage_Handler) for MemManage_Handler
    startup_stm32f407xx.o(RESET) refers to stm32f4xx_it.o(i.BusFault_Handler) for BusFault_Handler
    startup_stm32f407xx.o(RESET) refers to stm32f4xx_it.o(i.UsageFault_Handler) for UsageFault_Handler
    startup_stm32f407xx.o(RESET) refers to stm32f4xx_it.o(i.SVC_Handler) for SVC_Handler
    startup_stm32f407xx.o(RESET) refers to stm32f4xx_it.o(i.DebugMon_Handler) for DebugMon_Handler
    startup_stm32f407xx.o(RESET) refers to stm32f4xx_it.o(i.PendSV_Handler) for PendSV_Handler
    startup_stm32f407xx.o(RESET) refers to stm32f4xx_it.o(i.SysTick_Handler) for SysTick_Handler
    startup_stm32f407xx.o(RESET) refers to stm32f4xx_it.o(i.RCC_IRQHandler) for RCC_IRQHandler
    startup_stm32f407xx.o(RESET) refers to stm32f4xx_it.o(i.TIM2_IRQHandler) for TIM2_IRQHandler
    startup_stm32f407xx.o(RESET) refers to stm32f4xx_it.o(i.I2C1_EV_IRQHandler) for I2C1_EV_IRQHandler
    startup_stm32f407xx.o(RESET) refers to stm32f4xx_it.o(i.I2C1_ER_IRQHandler) for I2C1_ER_IRQHandler
    startup_stm32f407xx.o(RESET) refers to stm32f4xx_it.o(i.TIM8_BRK_TIM12_IRQHandler) for TIM8_BRK_TIM12_IRQHandler
    startup_stm32f407xx.o(RESET) refers to stm32f4xx_it.o(i.TIM8_UP_TIM13_IRQHandler) for TIM8_UP_TIM13_IRQHandler
    startup_stm32f407xx.o(RESET) refers to stm32f4xx_it.o(i.TIM8_CC_IRQHandler) for TIM8_CC_IRQHandler
    startup_stm32f407xx.o(RESET) refers to stm32f4xx_it.o(i.UART4_IRQHandler) for UART4_IRQHandler
    startup_stm32f407xx.o(RESET) refers to stm32f4xx_it.o(i.FPU_IRQHandler) for FPU_IRQHandler
    startup_stm32f407xx.o(.text) refers (Special) to heapauxi.o(.text) for __use_two_region_memory
    startup_stm32f407xx.o(.text) refers to system_stm32f4xx.o(i.SystemInit) for SystemInit
    startup_stm32f407xx.o(.text) refers to __main.o(!!!main) for __main
    startup_stm32f407xx.o(.text) refers to startup_stm32f407xx.o(HEAP) for Heap_Mem
    startup_stm32f407xx.o(.text) refers to startup_stm32f407xx.o(STACK) for Stack_Mem
    main.o(i.Buzzer_Beep) refers to stm32f4xx_hal_gpio.o(i.HAL_GPIO_WritePin) for HAL_GPIO_WritePin
    main.o(i.Buzzer_Beep) refers to stm32f4xx_hal.o(i.HAL_Delay) for HAL_Delay
    main.o(i.Get_Ball) refers to stm32f4xx_hal_gpio.o(i.HAL_GPIO_WritePin) for HAL_GPIO_WritePin
    main.o(i.Get_Ball) refers to main.o(i.Motor_PWM) for Motor_PWM
    main.o(i.HAL_UART_RxCpltCallback) refers to stm32f4xx_hal_uart.o(i.HAL_UART_Receive_IT) for HAL_UART_Receive_IT
    main.o(i.HAL_UART_RxCpltCallback) refers to main.o(i.MPU_Data_Merge) for MPU_Data_Merge
    main.o(i.HAL_UART_RxCpltCallback) refers to main.o(.data) for Buffer
    main.o(i.HAL_UART_RxCpltCallback) refers to main.o(.bss) for Re_Buff
    main.o(i.HAL_UART_RxCpltCallback) refers to usart.o(.bss) for huart4
    main.o(i.MPU_Data_Merge) refers to dflt_clz.o(x$fpl$dflt) for __aeabi_i2d
    main.o(i.MPU_Data_Merge) refers to ddiv.o(x$fpl$ddiv) for __aeabi_ddiv
    main.o(i.MPU_Data_Merge) refers to dmul.o(x$fpl$dmul) for __aeabi_dmul
    main.o(i.MPU_Data_Merge) refers to d2f.o(x$fpl$d2f) for __aeabi_d2f
    main.o(i.MPU_Data_Merge) refers to main.o(.data) for Angle_Raw
    main.o(i.MPU_Data_Merge) refers to main.o(.bss) for Re_Buff
    main.o(i.Motor_PWM) refers to stm32f4xx_hal_tim.o(i.HAL_TIM_PWM_Start) for HAL_TIM_PWM_Start
    main.o(i.Motor_PWM) refers to system_stm32f4xx.o(.data) for SystemCoreClock
    main.o(i.Motor_PWM) refers to main.o(.data) for period
    main.o(i.Motor_PWM) refers to tim.o(.bss) for htim8
    main.o(i.PID_Set) refers to f2d.o(x$fpl$f2d) for __aeabi_f2d
    main.o(i.PID_Set) refers to pid.o(i.PID) for PID
    main.o(i.PID_Set) refers to pid.o(i.PID_SetMode) for PID_SetMode
    main.o(i.PID_Set) refers to pid.o(i.PID_SetSampleTime) for PID_SetSampleTime
    main.o(i.PID_Set) refers to pid.o(i.PID_SetOutputLimits) for PID_SetOutputLimits
    main.o(i.PID_Set) refers to main.o(.data) for TempSetpoint
    main.o(i.PID_Set) refers to main.o(.bss) for RPID
    main.o(i.Swerve_Module_Send) refers to main.o(i.Div16_To_8) for Div16_To_8
[...]
    i.TIM_TI2_ConfigInputStage               0x080070da   Section        0  stm32f4xx_hal_tim.o(i.TIM_TI2_ConfigInputStage)
    TIM_TI2_ConfigInputStage                 0x080070db   Thumb Code    40  stm32f4xx_hal_tim.o(i.TIM_TI2_ConfigInputStage)
    i.UART4_IRQHandler                       0x08007104   Section        0  stm32f4xx_it.o(i.UART4_IRQHandler)
    i.UART_DMAAbortOnError                   0x08007114   Section        0  stm32f4xx_hal_uart.o(i.UART_DMAAbortOnError)
    UART_DMAAbortOnError                     0x08007115   Thumb Code    20  stm32f4xx_hal_uart.o(i.UART_DMAAbortOnError)
    i.UART_EndRxTransfer                     0x08007128   Section        0  stm32f4xx_hal_uart.o(i.UART_EndRxTransfer)
    UART_EndRxTransfer                       0x08007129   Thumb Code   108  stm32f4xx_hal_uart.o(i.UART_EndRxTransfer)
    i.UART_EndTransmit_IT                    0x08007194   Section        0  stm32f4xx_hal_uart.o(i.UART_EndTransmit_IT)
    UART_EndTransmit_IT                      0x08007195   Thumb Code    32  stm32f4xx_hal_uart.o(i.UART_EndTransmit_IT)
    i.UART_Receive_IT                        0x080071b4   Section        0  stm32f4xx_hal_uart.o(i.UART_Receive_IT)
    UART_Receive_IT                          0x080071b5   Thumb Code   248  stm32f4xx_hal_uart.o(i.UART_Receive_IT)
    i.UART_SetConfig                         0x080072ac   Section        0  stm32f4xx_hal_uart.o(i.UART_SetConfig)
    UART_SetConfig                           0x080072ad   Thumb Code   664  stm32f4xx_hal_uart.o(i.UART_SetConfig)
    i.UART_Start_Receive_IT                  0x0800758c   Section        0  stm32f4xx_hal_uart.o(i.UART_Start_Receive_IT)
    i.UART_Transmit_IT                       0x080075d6   Section        0  stm32f4xx_hal_uart.o(i.UART_Transmit_IT)
    UART_Transmit_IT                         0x080075d7   Thumb Code    96  stm32f4xx_hal_uart.o(i.UART_Transmit_IT)
    i.UART_WaitOnFlagUntilTimeout            0x08007636   Section        0  stm32f4xx_hal_uart.o(i.UART_WaitOnFlagUntilTimeout)
    UART_WaitOnFlagUntilTimeout              0x08007637   Thumb Code   146  stm32f4xx_hal_uart.o(i.UART_WaitOnFlagUntilTimeout)
    i.UsageFault_Handler                     0x080076c8   Section        0  stm32f4xx_it.o(i.UsageFault_Handler)
    i.__NVIC_GetPriorityGrouping             0x080076cc   Section        0  stm32f4xx_hal_cortex.o(i.__NVIC_GetPriorityGrouping)
    __NVIC_GetPriorityGrouping               0x080076cd   Thumb Code    10  stm32f4xx_hal_cortex.o(i.__NVIC_GetPriorityGrouping)
    i.__NVIC_SetPriority                     0x080076dc   Section        0  stm32f4xx_hal_cortex.o(i.__NVIC_SetPriority)
    __NVIC_SetPriority                       0x080076dd   Thumb Code    32  stm32f4xx_hal_cortex.o(i.__NVIC_SetPriority)
    i.__hardfp_fabs                          0x08007704   Section        0  fabs.o(i.__hardfp_fabs)
    i.__hardfp_floor                         0x08007718   Section        0  floor.o(i.__hardfp_floor)
    i.__hardfp_roundf                        0x08007830   Section        0  roundf.o(i.__hardfp_roundf)
    i.assert_failed                          0x080078ca   Section        0  main.o(i.assert_failed)
    i.delay_us                               0x080078cc   Section        0  ps2.o(i.delay_us)
    i.main                                   0x080078ec   Section        0  main.o(i.main)
    i.map                                    0x0800891c   Section        0  main.o(i.map)
    x$fpl$basic                              0x0800893a   Section       24  basic.o(x$fpl$basic)
    $v0                                      0x0800893a   Number         0  basic.o(x$fpl$basic)
    x$fpl$d2f                                0x08008954   Section       98  d2f.o(x$fpl$d2f)
    $v0                                      0x08008954   Number         0  d2f.o(x$fpl$d2f)
    x$fpl$dadd                               0x080089b8   Section      336  daddsub_clz.o(x$fpl$dadd)
    $v0                                      0x080089b8   Number         0  daddsub_clz.o(x$fpl$dadd)
    _dadd1                                   0x080089c9   Thumb Code     0  daddsub_clz.o(x$fpl$dadd)
    x$fpl$dcmpinf                            0x08008b08   Section       24  dcmpi.o(x$fpl$dcmpinf)
    $v0                                      0x08008b08   Number         0  dcmpi.o(x$fpl$dcmpinf)
    x$fpl$ddiv                               0x08008b20   Section      688  ddiv.o(x$fpl$ddiv)
    $v0                                      0x08008b20   Number         0  ddiv.o(x$fpl$ddiv)
    ddiv_entry                               0x08008b27   Thumb Code     0  ddiv.o(x$fpl$ddiv)
    x$fpl$dfixu                              0x08008dd0   Section       90  dfixu.o(x$fpl$dfixu)
    $v0                                      0x08008dd0   Number         0  dfixu.o(x$fpl$dfixu)
    x$fpl$dflt                               0x08008e2a   Section       46  dflt_clz.o(x$fpl$dflt)
    $v0                                      0x08008e2a   Number         0  dflt_clz.o(x$fpl$dflt)
    x$fpl$dfltu                              0x08008e58   Section       38  dflt_clz.o(x$fpl$dfltu)
    $v0                                      0x08008e58   Number         0  dflt_clz.o(x$fpl$dfltu)
    x$fpl$dleqf                              0x08008e80   Section      120  dleqf.o(x$fpl$dleqf)
    $v0                                      0x08008e80   Number         0  dleqf.o(x$fpl$dleqf)
    x$fpl$dmul                               0x08008ef8   Section      340  dmul.o(x$fpl$dmul)
    $v0                                      0x08008ef8   Number         0  dmul.o(x$fpl$dmul)
    x$fpl$dnaninf                            0x0800904c   Section      156  dnaninf.o(x$fpl$dnaninf)
    $v0                                      0x0800904c   Number         0  dnaninf.o(x$fpl$dnaninf)
    x$fpl$dretinf                            0x080090e8   Section       12  dretinf.o(x$fpl$dretinf)
    $v0                                      0x080090e8   Number         0  dretinf.o(x$fpl$dretinf)
    x$fpl$drleqf                             0x080090f4   Section      108  drleqf.o(x$fpl$drleqf)
    $v0                                      0x080090f4   Number         0  drleqf.o(x$fpl$drleqf)
    x$fpl$drsb                               0x08009160   Section       22  daddsub_clz.o(x$fpl$drsb)
    $v0                                      0x08009160   Number         0  daddsub_clz.o(x$fpl$drsb)
    x$fpl$dsub                               0x08009178   Section      468  daddsub_clz.o(x$fpl$dsub)
    $v0                                      0x08009178   Number         0  daddsub_clz.o(x$fpl$dsub)
    _dsub1                                   0x08009189   Thumb Code     0  daddsub_clz.o(x$fpl$dsub)
    x$fpl$f2d                                0x0800934c   Section       86  f2d.o(x$fpl$f2d)
    $v0                                      0x0800934c   Number         0  f2d.o(x$fpl$f2d)
    x$fpl$fnaninf                            0x080093a2   Section      140  fnaninf.o(x$fpl$fnaninf)
    $v0                                      0x080093a2   Number         0  fnaninf.o(x$fpl$fnaninf)
    x$fpl$fpinit                             0x0800942e   Section       10  fpinit.o(x$fpl$fpinit)
    $v0                                      0x0800942e   Number         0  fpinit.o(x$fpl$fpinit)
    x$fpl$fretinf                            0x08009438   Section       10  fretinf.o(x$fpl$fretinf)
    $v0                                      0x08009438   Number         0  fretinf.o(x$fpl$fretinf)
    x$fpl$frnd                               0x08009444   Section       96  frnd.o(x$fpl$frnd)
    $v0                                      0x08009444   Number         0  frnd.o(x$fpl$frnd)
    .constdata                               0x080094a4   Section       37  ps2.o(.constdata)
    x$fpl$usenofp                            0x080094a4   Section        0  usenofp.o(x$fpl$usenofp)
    .constdata                               0x080094c9   Section       24  system_stm32f4xx.o(.constdata)
    .data                                    0x20000000   Section      154  main.o(.data)
    .data                                    0x2000009c   Section        8  ps2.o(.data)
    .data                                    0x200000a4   Section        4  pca9685.o(.data)
    .data                                    0x200000a8   Section        9  stm32f4xx_hal.o(.data)
    .data                                    0x200000b4   Section        4  system_stm32f4xx.o(.data)
    .bss                                     0x200000b8   Section      271  main.o(.bss)
    .bss                                     0x200001c8   Section       84  i2c.o(.bss)
    .bss                                     0x2000021c   Section      144  tim.o(.bss)
    .bss                                     0x200002ac   Section       68  usart.o(.bss)
    .bss                                     0x200002f0   Section       96  libspace.o(.bss)
    HEAP                                     0x20000350   Section      512  startup_stm32f407xx.o(HEAP)
    Heap_Mem                                 0x20000350   Data         512  startup_stm32f407xx.o(HEAP)
    STACK                                    0x20000550   Section     1024  startup_stm32f407xx.o(STACK)
    Stack_Mem                                0x20000550   Data        1024  startup_stm32f407xx.o(STACK)
    __initial_sp                             0x20000950   Data           0  startup_stm32f407xx.o(STACK)

    Global Symbols

    Symbol Name                              Value     Ov Type        Size  Object(Section)

    BuildAttributes$$THM_ISAv4$E$P$D$K$B$S$7EM$VFPi3$EXTD16$VFPS$VFMA$PE$A:L22UL41UL21$X:L11$S22US41US21$IEEE1$IW$USESV6$~STKCKD$USESV7$~SHL$OTIME$ROPI$IEEEJ$EBA8$UX$STANDARDLIB$REQ8$PRES8$EABIv2 0x00000000   Number         0  anon$$obj.o ABSOLUTE
    __ARM_use_no_argv                        0x00000000   Number         0  main.o ABSOLUTE
    __ARM_exceptions_init                     - Undefined Weak Reference
    __alloca_initialize                       - Undefined Weak Reference
    __arm_preinit_                            - Undefined Weak Reference
    __cpp_initialize__aeabi_                  - Undefined Weak Reference
    __cxa_finalize                            - Undefined Weak Reference
    __rt_locale                               - Undefined Weak Reference
    __sigvec_lookup                           - Undefined Weak Reference
    _atexit_init                              - Undefined Weak Reference
    _call_atexit_fns                          - Undefined Weak Reference
    _clock_init                               - Undefined Weak Reference
    _fp_trap_init                             - Undefined Weak Reference
    _fp_trap_shutdown                         - Undefined Weak Reference
    _get_lc_collate                           - Undefined Weak Reference
    _get_lc_ctype                             - Undefined Weak Reference
    _get_lc_monetary                          - Undefined Weak Reference
    _get_lc_numeric                           - Undefined Weak Reference
    _get_lc_time                              - Undefined Weak Reference
    _getenv_init                              - Undefined Weak Reference
    _handle_redirection                       - Undefined Weak Reference
    _init_alloc                               - Undefined Weak Reference
    _init_user_alloc                          - Undefined Weak Reference
    _initio                                   - Undefined Weak Reference
    _rand_init                                - Undefined Weak Reference
    _signal_finish                            - Undefined Weak Reference
    _signal_init                              - Undefined Weak Reference
    _terminate_alloc                          - Undefined Weak Reference
    _terminate_user_alloc                     - Undefined Weak Reference
    _terminateio                              - Undefined Weak Reference
    __Vectors_Size                           0x00000188   Number         0  startup_stm32f407xx.o ABSOLUTE
    __Vectors                                0x08000000   Data           4  startup_stm32f407xx.o(RESET)
    __Vectors_End                            0x08000188   Data           0  startup_stm32f407xx.o(RESET)
    __main                                   0x08000189   Thumb Code     8  __main.o(!!!main)
    __scatterload                            0x08000191   Thumb Code     0  __scatter.o(!!!scatter)
    __scatterload_rt2                        0x08000191   Thumb Code    44  __scatter.o(!!!scatter)
    __scatterload_rt2_thumb_only             0x08000191   Thumb Code     0  __scatter.o(!!!scatter)
    __scatterload_null                       0x0800019f   Thumb Code     0  __scatter.o(!!!scatter)
    __scatterload_copy                       0x080001c5   Thumb Code    26  __scatter_copy.o(!!handler_copy)
    __scatterload_zeroinit                   0x080001e1   Thumb Code    28  __scatter_zi.o(!!handler_zi)
    __rt_lib_init                            0x080001fd   Thumb Code     0  libinit.o(.ARM.Collect$$libinit$$00000000)
    __rt_lib_init_fp_1                       0x080001ff   Thumb Code     0  libinit2.o(.ARM.Collect$$libinit$$00000001)
    __rt_lib_init_alloca_1                   0x08000203   Thumb Code     0  libinit2.o(.ARM.Collect$$libinit$$0000002E)
    __rt_lib_init_argv_1                     0x08000203   Thumb Code     0  libinit2.o(.ARM.Collect$$libinit$$0000002C)
    __rt_lib_init_atexit_1                   0x08000203   Thumb Code     0  libinit2.o(.ARM.Collect$$libinit$$0000001B)
    __rt_lib_init_clock_1                    0x08000203   Thumb Code     0  libinit2.o(.ARM.Collect$$libinit$$00000021)
    __rt_lib_init_cpp_1                      0x08000203   Thumb Code     0  libinit2.o(.ARM.Collect$$libinit$$00000032)
    __rt_lib_init_exceptions_1               0x08000203   Thumb Code     0  libinit2.o(.ARM.Collect$$libinit$$00000030)
    __rt_lib_init_fp_trap_1                  0x08000203   Thumb Code     0  libinit2.o(.ARM.Collect$$libinit$$0000001F)
    __rt_lib_init_getenv_1                   0x08000203   Thumb Code     0  libinit2.o(.ARM.Collect$$libinit$$00000023)
    __rt_lib_init_heap_1                     0x08000203   Thumb Code     0  libinit2.o(.ARM.Collect$$libinit$$0000000A)
    __rt_lib_init_lc_collate_1               0x08000203   Thumb Code     0  libinit2.o(.ARM.Collect$$libinit$$00000011)
    __rt_lib_init_lc_ctype_1                 0x08000203   Thumb Code     0  libinit2.o(.ARM.Collect$$libinit$$00000013)
    __rt_lib_init_lc_monetary_1              0x08000203   Thumb Code     0  libinit2.o(.ARM.Collect$$libinit$$00000015)
    __rt_lib_init_lc_numeric_1               0x08000203   Thumb Code     0  libinit2.o(.ARM.Collect$$libinit$$00000017)
    __rt_lib_init_lc_time_1                  0x08000203   Thumb Code     0  libinit2.o(.ARM.Collect$$libinit$$00000019)
    __rt_lib_init_preinit_1                  0x08000203   Thumb Code     0  libinit2.o(.ARM.Collect$$libinit$$00000004)
    __rt_lib_init_rand_1                     0x08000203   Thumb Code     0  libinit2.o(.ARM.Collect$$libinit$$0000000E)
    __rt_lib_init_return                     0x08000203   Thumb Code     0  libinit2.o(.ARM.Collect$$libinit$$00000033)
    __rt_lib_init_signal_1                   0x08000203   Thumb Code     0  libinit2.o(.ARM.Collect$$libinit$$0000001D)
    __rt_lib_init_stdio_1                    0x08000203   Thumb Code     0  libinit2.o(.ARM.Collect$$libinit$$00000025)
    __rt_lib_init_user_alloc_1               0x08000203   Thumb Code     0  libinit2.o(.ARM.Collect$$libinit$$0000000C)
    __rt_lib_shutdown                        0x08000205   Thumb Code     0  libshutdown.o(.ARM.Collect$$libshutdown$$00000000)
    __rt_lib_shutdown_cpp_1                  0x08000207   Thumb Code     0  libshutdown2.o(.ARM.Collect$$libshutdown$$00000002)
    __rt_lib_shutdown_fp_trap_1              0x08000207   Thumb Code     0  libshutdown2.o(.ARM.Collect$$libshutdown$$00000007)
    __rt_lib_shutdown_heap_1                 0x08000207   Thumb Code     0  libshutdown2.o(.ARM.Collect$$libshutdown$$0000000F)
    __rt_lib_shutdown_return                 0x08000207   Thumb Code     0  libshutdown2.o(.ARM.Collect$$libshutdown$$00000010)
    __rt_lib_shutdown_signal_1               0x08000207   Thumb Code     0  libshutdown2.o(.ARM.Collect$$libshutdown$$0000000A)
    __rt_lib_shutdown_stdio_1                0x08000207   Thumb Code     0  libshutdown2.o(.ARM.Collect$$libshutdown$$00000004)
    __rt_lib_shutdown_user_alloc_1           0x08000207   Thumb Code     0  libshutdown2.o(.ARM.Collect$$libshutdown$$0000000C)
    __rt_entry                               0x08000209   Thumb Code     0  __rtentry.o(.ARM.Collect$$rtentry$$00000000)
    __rt_entry_presh_1                       0x08000209   Thumb Code     0  __rtentry2.o(.ARM.Collect$$rtentry$$00000002)
    __rt_entry_sh                            0x08000209   Thumb Code     0  __rtentry4.o(.ARM.Collect$$rtentry$$00000004)
    __rt_entry_li                            0x0800020f   Thumb Code     0  __rtentry2.o(.ARM.Collect$$rtentry$$0000000A)
    __rt_entry_postsh_1                      0x0800020f   Thumb Code     0  __rtentry2.o(.ARM.Collect$$rtentry$$00000009)
    __rt_entry_main                          0x08000213   Thumb Code     0  __rtentry2.o(.ARM.Collect$$rtentry$$0000000D)
    __rt_entry_postli_1                      0x08000213   Thumb Code     0  __rtentry2.o(.ARM.Collect$$rtentry$$0000000C)
    __rt_exit                                0x0800021b   Thumb Code     0  rtexit.o(.ARM.Collect$$rtexit$$00000000)
    __rt_exit_ls                             0x0800021d   Thumb Code     0  rtexit2.o(.ARM.Collect$$rtexit$$00000003)
    __rt_exit_prels_1                        0x0800021d   Thumb Code     0  rtexit2.o(.ARM.Collect$$rtexit$$00000002)
    __rt_exit_exit                           0x08000221   Thumb Code     0  rtexit2.o(.ARM.Collect$$rtexit$$00000004)
    Reset_Handler                            0x08000229   Thumb Code     8  startup_stm32f407xx.o(.text)
    ADC_IRQHandler                           0x08000243   Thumb Code     0  startup_stm32f407xx.o(.text)
    CAN1_RX0_IRQHandler                      0x08000243   Thumb Code     0  startup_stm32f407xx.o(.text)
    CAN1_RX1_IRQHandler                      0x08000243   Thumb Code     0  startup_stm32f407xx.o(.text)
    CAN1_SCE_IRQHandler                      0x08000243   Thumb Code     0  startup_stm32f407xx.o(.text)
    CAN1_TX_IRQHandler                       0x08000243   Thumb Code     0  startup_stm32f407xx.o(.text)
    CAN2_RX0_IRQHandler                      0x08000243   Thumb Code     0  startup_stm32f407xx.o(.text)
    CAN2_RX1_IRQHandler                      0x08000243   Thumb Code     0  startup_stm32f407xx.o(.text)
    CAN2_SCE_IRQHandler                      0x08000243   Thumb Code     0  startup_stm32f407xx.o(.text)
    CAN2_TX_IRQHandler                       0x08000243   Thumb Code     0  startup_stm32f407xx.o(.text)
    DCMI_IRQHandler                          0x08000243   Thumb Code     0  startup_stm32f407xx.o(.text)
    DMA1_Stream0_IRQHandler                  0x08000243   Thumb Code     0  startup_stm32f407xx.o(.text)
    DMA1_Stream1_IRQHandler                  0x08000243   Thumb Code     0  startup_stm32f407xx.o(.text)
    DMA1_Stream2_IRQHandler                  0x08000243   Thumb Code     0  startup_stm32f407xx.o(.text)
    DMA1_Stream3_IRQHandler                  0x08000243   Thumb Code     0  startup_stm32f407xx.o(.text)
    DMA1_Stream4_IRQHandler                  0x08000243   Thumb Code     0  startup_stm32f407xx.o(.text)
    DMA1_Stream5_IRQHandler                  0x08000243   Thumb Code     0  startup_stm32f407xx.o(.text)
    DMA1_Stream6_IRQHandler                  0x08000243   Thumb Code     0  startup_stm32f407xx.o(.text)
    DMA1_Stream7_IRQHandler                  0x08000243   Thumb Code     0  startup_stm32f407xx.o(.text)
    DMA2_Stream0_IRQHandler                  0x08000243   Thumb Code     0  startup_stm32f407xx.o(.text)
    DMA2_Stream1_IRQHandler                  0x08000243   Thumb Code     0  startup_stm32f407xx.o(.text)
    DMA2_Stream2_IRQHandler                  0x08000243   Thumb Code     0  startup_stm32f407xx.o(.text)
    DMA2_Stream3_IRQHandler                  0x08000243   Thumb Code     0  startup_stm32f407xx.o(.text)
    DMA2_Stream4_IRQHandler                  0x08000243   Thumb Code     0  startup_stm32f407xx.o(.text)
    DMA2_Stream5_IRQHandler                  0x08000243   Thumb Code     0  startup_stm32f407xx.o(.text)
    DMA2_Stream6_IRQHandler                  0x08000243   Thumb Code     0  startup_stm32f407xx.o(.text)
    DMA2_Stream7_IRQHandler                  0x08000243   Thumb Code     0  startup_stm32f407xx.o(.text)
    ETH_IRQHandler                           0x08000243   Thumb Code     0  startup_stm32f407xx.o(.text)
    ETH_WKUP_IRQHandler                      0x08000243   Thumb Code     0  startup_stm32f407xx.o(.text)
    EXTI0_IRQHandler                         0x08000243   Thumb Code     0  startup_stm32f407xx.o(.text)
    EXTI15_10_IRQHandler                     0x08000243   Thumb Code     0  startup_stm32f407xx.o(.text)
    EXTI1_IRQHandler                         0x08000243   Thumb Code     0  startup_stm32f407xx.o(.text)
    EXTI2_IRQHandler                         0x08000243   Thumb Code     0  startup_stm32f407xx.o(.text)
    EXTI3_IRQHandler                         0x08000243   Thumb Code     0  startup_stm32f407xx.o(.text)
    EXTI4_IRQHandler                         0x08000243   Thumb Code     0  startup_stm32f407xx.o(.text)
    EXTI9_5_IRQHandler                       0x08000243   Thumb Code     0  startup_stm32f407xx.o(.text)
    FLASH_IRQHandler                         0x08000243   Thumb Code     0  startup_stm32f407xx.o(.text)
    FMC_IRQHandler                           0x08000243   Thumb Code     0  startup_stm32f407xx.o(.text)
    HASH_RNG_IRQHandler                      0x08000243   Thumb Code     0  startup_stm32f407xx.o(.text)
    I2C2_ER_IRQHandler                       0x08000243   Thumb Code     0  startup_stm32f407xx.o(.text)
    I2C2_EV_IRQHandler                       0x08000243   Thumb Code     0  startup_stm32f407xx.o(.text)
    I2C3_ER_IRQHandler                       0x08000243   Thumb Code     0  startup_stm32f407xx.o(.text)
    I2C3_EV_IRQHandler                       0x08000243   Thumb Code     0  startup_stm32f407xx.o(.text)
    OTG_FS_IRQHandler                        0x08000243   Thumb Code     0  startup_stm32f407xx.o(.text)
    OTG_FS_WKUP_IRQHandler                   0x08000243   Thumb Code     0  startup_stm32f407xx.o(.text)
    OTG_HS_EP1_IN_IRQHandler                 0x08000243   Thumb Code     0  startup_stm32f407xx.o(.text)
    OTG_HS_EP1_OUT_IRQHandler                0x08000243   Thumb Code     0  startup_stm32f407xx.o(.text)
    OTG_HS_IRQHandler                        0x08000243   Thumb Code     0  startup_stm32f407xx.o(.text)
    OTG_HS_WKUP_IRQHandler                   0x08000243   Thumb Code     0  startup_stm32f407xx.o(.text)
    PVD_IRQHandler                           0x08000243   Thumb Code     0  startup_stm32f407xx.o(.text)
    RTC_Alarm_IRQHandler                     0x08000243   Thumb Code     0  startup_stm32f407xx.o(.text)
    RTC_WKUP_IRQHandler                      0x08000243   Thumb Code     0  startup_stm32f407xx.o(.text)
    SDIO_IRQHandler                          0x08000243   Thumb Code     0  startup_stm32f407xx.o(.text)
    SPI1_IRQHandler                          0x08000243   Thumb Code     0  startup_stm32f407xx.o(.text)
    SPI2_IRQHandler                          0x08000243   Thumb Code     0  startup_stm32f407xx.o(.text)
    SPI3_IRQHandler                          0x08000243   Thumb Code     0  startup_stm32f407xx.o(.text)
    TAMP_STAMP_IRQHandler                    0x08000243   Thumb Code     0  startup_stm32f407xx.o(.text)
    TIM1_BRK_TIM9_IRQHandler                 0x08000243   Thumb Code     0  startup_stm32f407xx.o(.text)
    TIM1_CC_IRQHandler                       0x08000243   Thumb Code     0  startup_stm32f407xx.o(.text)
    TIM1_TRG_COM_TIM11_IRQHandler            0x08000243   Thumb Code     0  startup_stm32f407xx.o(.text)
    TIM1_UP_TIM10_IRQHandler                 0x08000243   Thumb Code     0  startup_stm32f407xx.o(.text)
    TIM3_IRQHandler                          0x08000243   Thumb Code     0  startup_stm32f407xx.o(.text)
    TIM4_IRQHandler                          0x08000243   Thumb Code     0  startup_stm32f407xx.o(.text)
    TIM5_IRQHandler                          0x08000243   Thumb Code     0  startup_stm32f407xx.o(.text)
    TIM6_DAC_IRQHandler                      0x08000243   Thumb Code     0  startup_stm32f407xx.o(.text)
    TIM7_IRQHandler                          0x08000243   Thumb Code     0  startup_stm32f407xx.o(.text)
    TIM8_TRG_COM_TIM14_IRQHandler            0x08000243   Thumb Code     0  startup_stm32f407xx.o(.text)
    UART5_IRQHandler                         0x08000243   Thumb Code     0  startup_stm32f407xx.o(.text)
    USART1_IRQHandler                        0x08000243   Thumb Code     0  startup_stm32f407xx.o(.text)
    USART2_IRQHandler                        0x08000243   Thumb Code     0  startup_stm32f407xx.o(.text)
    USART3_IRQHandler                        0x08000243   Thumb Code     0  startup_stm32f407xx.o(.text)
    USART6_IRQHandler                        0x08000243   Thumb Code     0  startup_stm32f407xx.o(.text)
    WWDG_IRQHandler                          0x08000243   Thumb Code     0  startup_stm32f407xx.o(.text)
    __user_initial_stackheap                 0x08000245   Thumb Code     0  startup_stm32f407xx.o(.text)
    __aeabi_uldivmod                         0x08000269   Thumb Code     0  lludivv7m.o(.text)
    _ll_udiv                                 0x08000269   Thumb Code   238  lludivv7m.o(.text)
    __aeabi_memclr4                          0x08000357   Thumb Code     0  rt_memclr_w.o(.text)
    __aeabi_memclr8                          0x08000357   Thumb Code     0  rt_memclr_w.o(.text)
    __rt_memclr_w                            0x08000357   Thumb Code    78  rt_memclr_w.o(.text)
    _memset_w                                0x0800035b   Thumb Code     0  rt_memclr_w.o(.text)
    __use_two_region_memory                  0x080003a5   Thumb Code     2  heapauxi.o(.text)
    __rt_heap_escrow$2region                 0x080003a7   Thumb Code     2  heapauxi.o(.text)
    __rt_heap_expand$2region                 0x080003a9   Thumb Code     2  heapauxi.o(.text)
    __user_setup_stackheap                   0x080003ab   Thumb Code    74  sys_stackheap_outer.o(.text)
    exit                                     0x080003f5   Thumb Code    18  exit.o(.text)
    __user_libspace                          0x08000409   Thumb Code     8  libspace.o(.text)
    __user_perproc_libspace                  0x08000409   Thumb Code     0  libspace.o(.text)
    __user_perthread_libspace                0x08000409   Thumb Code     0  libspace.o(.text)
    _sys_exit                                0x08000411   Thumb Code     8  sys_exit.o(.text)
    __I$use$semihosting                      0x0800041d   Thumb Code     0  use_no_semi.o(.text)
    __use_no_semihosting_swi                 0x0800041d   Thumb Code     2  use_no_semi.o(.text)
    BusFault_Handler                         0x0800041f   Thumb Code     4  stm32f4xx_it.o(i.BusFault_Handler)
    __semihosting_library_function           0x0800041f   Thumb Code     0  indicate_semi.o(.text)
    Buzzer_Beep                              0x08000425   Thumb Code    54  main.o(i.Buzzer_Beep)
    DebugMon_Handler                         0x08000461   Thumb Code     2  stm32f4xx_it.o(i.DebugMon_Handler)
    Div16_To_8                               0x08000463   Thumb Code     8  main.o(i.Div16_To_8)
    Error_Handler                            0x0800046b   Thumb Code     6  main.o(i.Error_Handler)
    FPU_IRQHandler                           0x08000471   Thumb Code     2  stm32f4xx_it.o(i.FPU_IRQHandler)
    HAL_DMA_Abort                            0x08000473   Thumb Code   172  stm32f4xx_hal_dma.o(i.HAL_DMA_Abort)
    HAL_DMA_Abort_IT                         0x0800051f   Thumb Code    40  stm32f4xx_hal_dma.o(i.HAL_DMA_Abort_IT)
    HAL_DMA_GetState                         0x08000547   Thumb Code     8  stm32f4xx_hal_dma.o(i.HAL_DMA_GetState)
    HAL_Delay                                0x08000551   Thumb Code    36  stm32f4xx_hal.o(i.HAL_Delay)
    HAL_GPIO_Init                            0x08000579   Thumb Code   938  stm32f4xx_hal_gpio.o(i.HAL_GPIO_Init)
    HAL_GPIO_ReadPin                         0x08000991   Thumb Code    44  stm32f4xx_hal_gpio.o(i.HAL_GPIO_ReadPin)
    HAL_GPIO_TogglePin                       0x080009f9   Thumb Code    46  stm32f4xx_hal_gpio.o(i.HAL_GPIO_TogglePin)
    HAL_GPIO_WritePin                        0x08000a65   Thumb Code    60  stm32f4xx_hal_gpio.o(i.HAL_GPIO_WritePin)
    HAL_GetTick                              0x08000add   Thumb Code     6  stm32f4xx_hal.o(i.HAL_GetTick)
    HAL_I2C_AbortCpltCallback                0x08000ae9   Thumb Code     2  stm32f4xx_hal_i2c.o(i.HAL_I2C_AbortCpltCallback)
    HAL_I2C_AddrCallback                     0x08000aeb   Thumb Code     2  stm32f4xx_hal_i2c.o(i.HAL_I2C_AddrCallback)
    HAL_I2C_ER_IRQHandler                    0x08000aed   Thumb Code   212  stm32f4xx_hal_i2c.o(i.HAL_I2C_ER_IRQHandler)
    HAL_I2C_EV_IRQHandler                    0x08000bc1   Thumb Code   474  stm32f4xx_hal_i2c.o(i.HAL_I2C_EV_IRQHandler)
    HAL_I2C_ErrorCallback                    0x08000d9b   Thumb Code     2  stm32f4xx_hal_i2c.o(i.HAL_I2C_ErrorCallback)
    HAL_I2C_Init                             0x08000d9d   Thumb Code   664  stm32f4xx_hal_i2c.o(i.HAL_I2C_Init)
    HAL_I2C_IsDeviceReady                    0x0800108d   Thumb Code   430  stm32f4xx_hal_i2c.o(i.HAL_I2C_IsDeviceReady)
    HAL_I2C_ListenCpltCallback               0x08001245   Thumb Code     2  stm32f4xx_hal_i2c.o(i.HAL_I2C_ListenCpltCallback)
    HAL_I2C_MasterRxCpltCallback             0x08001247   Thumb Code     2  stm32f4xx_hal_i2c.o(i.HAL_I2C_MasterRxCpltCallback)
    HAL_I2C_MasterTxCpltCallback             0x08001249   Thumb Code     2  stm32f4xx_hal_i2c.o(i.HAL_I2C_MasterTxCpltCallback)
    HAL_I2C_Master_Transmit                  0x0800124d   Thumb Code   360  stm32f4xx_hal_i2c.o(i.HAL_I2C_Master_Transmit)
    HAL_I2C_MemRxCpltCallback                0x080013bd   Thumb Code     2  stm32f4xx_hal_i2c.o(i.HAL_I2C_MemRxCpltCallback)
    HAL_I2C_MemTxCpltCallback                0x080013bf   Thumb Code     2  stm32f4xx_hal_i2c.o(i.HAL_I2C_MemTxCpltCallback)
    HAL_I2C_Mem_Read                         0x080013c1   Thumb Code   764  stm32f4xx_hal_i2c.o(i.HAL_I2C_Mem_Read)
    HAL_I2C_Mem_Write                        0x08001701   Thumb Code   368  stm32f4xx_hal_i2c.o(i.HAL_I2C_Mem_Write)
    HAL_I2C_MspInit                          0x080018b1   Thumb Code   154  i2c.o(i.HAL_I2C_MspInit)
    HAL_I2C_SlaveRxCpltCallback              0x08001959   Thumb Code     2  stm32f4xx_hal_i2c.o(i.HAL_I2C_SlaveRxCpltCallback)
    HAL_I2C_SlaveTxCpltCallback              0x0800195b   Thumb Code     2  stm32f4xx_hal_i2c.o(i.HAL_I2C_SlaveTxCpltCallback)
    HAL_IncTick                              0x0800195d   Thumb Code    16  stm32f4xx_hal.o(i.HAL_IncTick)
    HAL_Init                                 0x08001975   Thumb Code    54  stm32f4xx_hal.o(i.HAL_Init)
    HAL_InitTick                             0x080019b1   Thumb Code    64  stm32f4xx_hal.o(i.HAL_InitTick)
    HAL_MspInit                              0x080019fd   Thumb Code   106  stm32f4xx_hal_msp.o(i.HAL_MspInit)
    HAL_NVIC_EnableIRQ                       0x08001a6d   Thumb Code    48  stm32f4xx_hal_cortex.o(i.HAL_NVIC_EnableIRQ)
    HAL_NVIC_SetPriority                     0x08001ad9   Thumb Code   152  stm32f4xx_hal_cortex.o(i.HAL_NVIC_SetPriority)
    HAL_NVIC_SetPriorityGrouping             0x08001bad   Thumb Code    66  stm32f4xx_hal_cortex.o(i.HAL_NVIC_SetPriorityGrouping)
    HAL_RCC_ClockConfig                      0x08001c35   Thumb Code   628  stm32f4xx_hal_rcc.o(i.HAL_RCC_ClockConfig)
    HAL_RCC_GetHCLKFreq                      0x08001ef5   Thumb Code     6  stm32f4xx_hal_rcc.o(i.HAL_RCC_GetHCLKFreq)
    HAL_RCC_GetPCLK1Freq                     0x08001f01   Thumb Code    22  stm32f4xx_hal_rcc.o(i.HAL_RCC_GetPCLK1Freq)
    HAL_RCC_GetPCLK2Freq                     0x08001f21   Thumb Code    22  stm32f4xx_hal_rcc.o(i.HAL_RCC_GetPCLK2Freq)
    HAL_RCC_GetSysClockFreq                  0x08001f41   Thumb Code   162  stm32f4xx_hal_rcc.o(i.HAL_RCC_GetSysClockFreq)
    HAL_RCC_OscConfig                        0x08001ff1   Thumb Code  1542  stm32f4xx_hal_rcc.o(i.HAL_RCC_OscConfig)
    HAL_SYSTICK_Config                       0x08002601   Thumb Code    52  stm32f4xx_hal_cortex.o(i.HAL_SYSTICK_Config)
    HAL_TIMEx_BreakCallback                  0x08002635   Thumb Code     2  stm32f4xx_hal_tim_ex.o(i.HAL_TIMEx_BreakCallback)
    HAL_TIMEx_CommutCallback                 0x08002637   Thumb Code     2  stm32f4xx_hal_tim_ex.o(i.HAL_TIMEx_CommutCallback)
    HAL_TIMEx_ConfigBreakDeadTime            0x08002639   Thumb Code   324  stm32f4xx_hal_tim_ex.o(i.HAL_TIMEx_ConfigBreakDeadTime)
    HAL_TIMEx_MasterConfigSynchronization    0x080027c1   Thumb Code   310  stm32f4xx_hal_tim_ex.o(i.HAL_TIMEx_MasterConfigSynchronization)
    HAL_TIM_Base_Init                        0x08002959   Thumb Code   320  stm32f4xx_hal_tim.o(i.HAL_TIM_Base_Init)
    HAL_TIM_Base_MspInit                     0x08002b05   Thumb Code   156  tim.o(i.HAL_TIM_Base_MspInit)
    HAL_TIM_Base_Start                       0x08002ba9   Thumb Code   252  stm32f4xx_hal_tim.o(i.HAL_TIM_Base_Start)
    HAL_TIM_ConfigClockSource                0x08002d11   Thumb Code  1404  stm32f4xx_hal_tim.o(i.HAL_TIM_ConfigClockSource)
    HAL_TIM_IC_CaptureCallback               0x080032a9   Thumb Code     2  stm32f4xx_hal_tim.o(i.HAL_TIM_IC_CaptureCallback)
    HAL_TIM_IRQHandler                       0x080032ab   Thumb Code   406  stm32f4xx_hal_tim.o(i.HAL_TIM_IRQHandler)
    HAL_TIM_MspPostInit                      0x08003441   Thumb Code    86  tim.o(i.HAL_TIM_MspPostInit)
    HAL_TIM_OC_DelayElapsedCallback          0x080034a5   Thumb Code     2  stm32f4xx_hal_tim.o(i.HAL_TIM_OC_DelayElapsedCallback)
    HAL_TIM_PWM_ConfigChannel                0x080034a9   Thumb Code   666  stm32f4xx_hal_tim.o(i.HAL_TIM_PWM_ConfigChannel)
    HAL_TIM_PWM_Init                         0x080037a9   Thumb Code   320  stm32f4xx_hal_tim.o(i.HAL_TIM_PWM_Init)
    HAL_TIM_PWM_MspInit                      0x08003955   Thumb Code     2  stm32f4xx_hal_tim.o(i.HAL_TIM_PWM_MspInit)
    HAL_TIM_PWM_PulseFinishedCallback        0x08003957   Thumb Code     2  stm32f4xx_hal_tim.o(i.HAL_TIM_PWM_PulseFinishedCallback)
    HAL_TIM_PWM_Start                        0x08003959   Thumb Code   460  stm32f4xx_hal_tim.o(i.HAL_TIM_PWM_Start)
    HAL_TIM_PeriodElapsedCallback            0x08003b89   Thumb Code     2  stm32f4xx_hal_tim.o(i.HAL_TIM_PeriodElapsedCallback)
    HAL_TIM_TriggerCallback                  0x08003b8b   Thumb Code     2  stm32f4xx_hal_tim.o(i.HAL_TIM_TriggerCallback)
    HAL_UARTEx_RxEventCallback               0x08003b8d   Thumb Code     2  stm32f4xx_hal_uart.o(i.HAL_UARTEx_RxEventCallback)
    HAL_UART_ErrorCallback                   0x08003b8f   Thumb Code     2  stm32f4xx_hal_uart.o(i.HAL_UART_ErrorCallback)
    HAL_UART_IRQHandler                      0x08003b91   Thumb Code   732  stm32f4xx_hal_uart.o(i.HAL_UART_IRQHandler)
    HAL_UART_Init                            0x08003e71   Thumb Code   306  stm32f4xx_hal_uart.o(i.HAL_UART_Init)
    HAL_UART_MspInit                         0x08003ff9   Thumb Code   140  usart.o(i.HAL_UART_MspInit)
    HAL_UART_Receive_IT                      0x08004091   Thumb Code    66  stm32f4xx_hal_uart.o(i.HAL_UART_Receive_IT)
    HAL_UART_RxCpltCallback                  0x080040d5   Thumb Code    98  main.o(i.HAL_UART_RxCpltCallback)
    HAL_UART_Transmit                        0x0800414d   Thumb Code   210  stm32f4xx_hal_uart.o(i.HAL_UART_Transmit)
    HAL_UART_TxCpltCallback                  0x0800421f   Thumb Code     2  stm32f4xx_hal_uart.o(i.HAL_UART_TxCpltCallback)
    HardFault_Handler                        0x08004221   Thumb Code     4  stm32f4xx_it.o(i.HardFault_Handler)
    I2C1_ER_IRQHandler                       0x08004225   Thumb Code    10  stm32f4xx_it.o(i.I2C1_ER_IRQHandler)
    I2C1_EV_IRQHandler                       0x08004235   Thumb Code    10  stm32f4xx_it.o(i.I2C1_EV_IRQHandler)
    MPU_Data_Merge                           0x080055f1   Thumb Code   204  main.o(i.MPU_Data_Merge)
    MX_GPIO_Init                             0x080056ed   Thumb Code   538  gpio.o(i.MX_GPIO_Init)
    MX_I2C1_Init                             0x08005921   Thumb Code    48  i2c.o(i.MX_I2C1_Init)
    MX_TIM2_Init                             0x0800595d   Thumb Code   102  tim.o(i.MX_TIM2_Init)
    MX_TIM8_Init                             0x080059c9   Thumb Code   256  tim.o(i.MX_TIM8_Init)
    MX_UART4_Init                            0x08005ad1   Thumb Code    46  usart.o(i.MX_UART4_Init)
    MemManage_Handler                        0x08005b09   Thumb Code     4  stm32f4xx_it.o(i.MemManage_Handler)
    Motor_PWM                                0x08005b0d   Thumb Code   186  main.o(i.Motor_PWM)
    NMI_Handler                              0x08005bd5   Thumb Code     4  stm32f4xx_it.o(i.NMI_Handler)
    PCA9685_AutoIncrement                    0x08005bd9   Thumb Code    16  pca9685.o(i.PCA9685_AutoIncrement)
    PCA9685_Init                             0x08005be9   Thumb Code    28  pca9685.o(i.PCA9685_Init)
    PCA9685_RestartMode                      0x08005c09   Thumb Code    16  pca9685.o(i.PCA9685_RestartMode)
    PCA9685_SetBit                           0x08005c19   Thumb Code   114  pca9685.o(i.PCA9685_SetBit)
    PCA9685_SetPin                           0x08005c91   Thumb Code   122  pca9685.o(i.PCA9685_SetPin)
    PCA9685_SetPwm                           0x08005d0d   Thumb Code    80  pca9685.o(i.PCA9685_SetPwm)
    PCA9685_SetPwmFrequency                  0x08005d61   Thumb Code   224  pca9685.o(i.PCA9685_SetPwmFrequency)
    PCA9685_SetServoAngle                    0x08005e65   Thumb Code   188  pca9685.o(i.PCA9685_SetServoAngle)
    PCA9685_SleepMode                        0x08005f49   Thumb Code    16  pca9685.o(i.PCA9685_SleepMode)
    PCA9685_SoftwareReset                    0x08005f59   Thumb Code    34  pca9685.o(i.PCA9685_SoftwareReset)
    PID                                      0x08005f81   Thumb Code   130  pid.o(i.PID)
    PID_Compute                              0x08006015   Thumb Code   512  pid.o(i.PID_Compute)
    PID_Init                                 0x0800621d   Thumb Code   120  pid.o(i.PID_Init)
    PID_Set                                  0x08006295   Thumb Code   138  main.o(i.PID_Set)
    PID_SetControllerDirection               0x08006341   Thumb Code   116  pid.o(i.PID_SetControllerDirection)
    PID_SetMode                              0x080063bd   Thumb Code    34  pid.o(i.PID_SetMode)
    PID_SetOutputLimits                      0x080063df   Thumb Code   260  pid.o(i.PID_SetOutputLimits)
    PID_SetSampleTime                        0x080064e3   Thumb Code   110  pid.o(i.PID_SetSampleTime)
    PID_SetTunings2                          0x08006551   Thumb Code   288  pid.o(i.PID_SetTunings2)
    PS2_AnalogMode                           0x08006681   Thumb Code    34  ps2.o(i.PS2_AnalogMode)
    PS2_Cmd                                  0x080066a9   Thumb Code    68  ps2.o(i.PS2_Cmd)
    PS2_EnterConfig                          0x080066f1   Thumb Code    28  ps2.o(i.PS2_EnterConfig)
    PS2_ExitConfig                           0x08006711   Thumb Code    34  ps2.o(i.PS2_ExitConfig)
    PS2_Init                                 0x08006741   Thumb Code    44  ps2.o(i.PS2_Init)
    PS2_Poll                                 0x08006775   Thumb Code    28  ps2.o(i.PS2_Poll)
    PS2_SendByte                             0x08006795   Thumb Code   126  ps2.o(i.PS2_SendByte)
    PS2_Update                               0x08006819   Thumb Code   338  ps2.o(i.PS2_Update)
    PendSV_Handler                           0x08006975   Thumb Code     2  stm32f4xx_it.o(i.PendSV_Handler)
    RCC_IRQHandler                           0x08006977   Thumb Code     2  stm32f4xx_it.o(i.RCC_IRQHandler)
    SVC_Handler                              0x08006979   Thumb Code     2  stm32f4xx_it.o(i.SVC_Handler)
    Swerve_Module_Send                       0x0800697d   Thumb Code   108  main.o(i.Swerve_Module_Send)
    SysTick_Handler                          0x080069f1   Thumb Code     8  stm32f4xx_it.o(i.SysTick_Handler)
    SystemClock_Config                       0x080069f9   Thumb Code   168  main.o(i.SystemClock_Config)
    SystemInit                               0x08006aa9   Thumb Code    14  system_stm32f4xx.o(i.SystemInit)
    TIM2_IRQHandler                          0x08006abd   Thumb Code    10  stm32f4xx_it.o(i.TIM2_IRQHandler)
    TIM8_BRK_TIM12_IRQHandler                0x08006acd   Thumb Code    10  stm32f4xx_it.o(i.TIM8_BRK_TIM12_IRQHandler)
    TIM8_CC_IRQHandler                       0x08006add   Thumb Code    10  stm32f4xx_it.o(i.TIM8_CC_IRQHandler)
    TIM8_UP_TIM13_IRQHandler                 0x08006aed   Thumb Code    10  stm32f4xx_it.o(i.TIM8_UP_TIM13_IRQHandler)
    TIM_Base_SetConfig                       0x08006afd   Thumb Code   170  stm32f4xx_hal_tim.o(i.TIM_Base_SetConfig)
    TIM_CCxChannelCmd                        0x08006bd5   Thumb Code   158  stm32f4xx_hal_tim.o(i.TIM_CCxChannelCmd)
    TIM_ETR_SetConfig                        0x08006cd9   Thumb Code    22  stm32f4xx_hal_tim.o(i.TIM_ETR_SetConfig)
    TIM_OC2_SetConfig                        0x08006dfd   Thumb Code   196  stm32f4xx_hal_tim.o(i.TIM_OC2_SetConfig)
    UART4_IRQHandler                         0x08007105   Thumb Code    10  stm32f4xx_it.o(i.UART4_IRQHandler)
    UART_Start_Receive_IT                    0x0800758d   Thumb Code    74  stm32f4xx_hal_uart.o(i.UART_Start_Receive_IT)
    UsageFault_Handler                       0x080076c9   Thumb Code     4  stm32f4xx_it.o(i.UsageFault_Handler)
    __hardfp_fabs                            0x08007705   Thumb Code    20  fabs.o(i.__hardfp_fabs)
    __hardfp_floor                           0x08007719   Thumb Code   252  floor.o(i.__hardfp_floor)
    __hardfp_roundf                          0x08007831   Thumb Code   154  roundf.o(i.__hardfp_roundf)
    assert_failed                            0x080078cb   Thumb Code     2  main.o(i.assert_failed)
    delay_us                                 0x080078cd   Thumb Code    26  ps2.o(i.delay_us)
    main                                     0x080078ed   Thumb Code  4076  main.o(i.main)
    map                                      0x0800891d   Thumb Code    30  main.o(i.map)
    __aeabi_dneg                             0x0800893b   Thumb Code     0  basic.o(x$fpl$basic)
    _dneg                                    0x0800893b   Thumb Code     6  basic.o(x$fpl$basic)
    __aeabi_fneg                             0x08008941   Thumb Code     0  basic.o(x$fpl$basic)
    _fneg                                    0x08008941   Thumb Code     6  basic.o(x$fpl$basic)
    _dabs                                    0x08008947   Thumb Code     6  basic.o(x$fpl$basic)
    _fabs                                    0x0800894d   Thumb Code     6  basic.o(x$fpl$basic)
    __aeabi_d2f                              0x08008955   Thumb Code     0  d2f.o(x$fpl$d2f)
    _d2f                                     0x08008955   Thumb Code    98  d2f.o(x$fpl$d2f)
    __aeabi_dadd                             0x080089b9   Thumb Code     0  daddsub_clz.o(x$fpl$dadd)
    _dadd                                    0x080089b9   Thumb Code   332  daddsub_clz.o(x$fpl$dadd)
    __fpl_dcmp_Inf                           0x08008b09   Thumb Code    24  dcmpi.o(x$fpl$dcmpinf)
    __aeabi_ddiv                             0x08008b21   Thumb Code     0  ddiv.o(x$fpl$ddiv)
    _ddiv                                    0x08008b21   Thumb Code   552  ddiv.o(x$fpl$ddiv)
    __aeabi_d2uiz                            0x08008dd1   Thumb Code     0  dfixu.o(x$fpl$dfixu)
    _dfixu                                   0x08008dd1   Thumb Code    90  dfixu.o(x$fpl$dfixu)
    __aeabi_i2d                              0x08008e2b   Thumb Code     0  dflt_clz.o(x$fpl$dflt)
    _dflt                                    0x08008e2b   Thumb Code    46  dflt_clz.o(x$fpl$dflt)
    __aeabi_ui2d                             0x08008e59   Thumb Code     0  dflt_clz.o(x$fpl$dfltu)
    _dfltu                                   0x08008e59   Thumb Code    38  dflt_clz.o(x$fpl$dfltu)
    __aeabi_cdcmple                          0x08008e81   Thumb Code     0  dleqf.o(x$fpl$dleqf)
    _dcmple                                  0x08008e81   Thumb Code   120  dleqf.o(x$fpl$dleqf)
    __fpl_dcmple_InfNaN                      0x08008ee3   Thumb Code     0  dleqf.o(x$fpl$dleqf)
    __aeabi_dmul                             0x08008ef9   Thumb Code     0  dmul.o(x$fpl$dmul)
    _dmul                                    0x08008ef9   Thumb Code   332  dmul.o(x$fpl$dmul)
    __fpl_dnaninf                            0x0800904d   Thumb Code   156  dnaninf.o(x$fpl$dnaninf)
    __fpl_dretinf                            0x080090e9   Thumb Code    12  dretinf.o(x$fpl$dretinf)
    __aeabi_cdrcmple                         0x080090f5   Thumb Code     0  drleqf.o(x$fpl$drleqf)
    _drcmple                                 0x080090f5   Thumb Code   108  drleqf.o(x$fpl$drleqf)
    __aeabi_drsub                            0x08009161   Thumb Code     0  daddsub_clz.o(x$fpl$drsb)
    _drsb                                    0x08009161   Thumb Code    22  daddsub_clz.o(x$fpl$drsb)
    __aeabi_dsub                             0x08009179   Thumb Code     0  daddsub_clz.o(x$fpl$dsub)
    _dsub                                    0x08009179   Thumb Code   464  daddsub_clz.o(x$fpl$dsub)
    __aeabi_f2d                              0x0800934d   Thumb Code     0  f2d.o(x$fpl$f2d)
    _f2d                                     0x0800934d   Thumb Code    86  f2d.o(x$fpl$f2d)
    __fpl_fnaninf                            0x080093a3   Thumb Code   140  fnaninf.o(x$fpl$fnaninf)
    _fp_init                                 0x0800942f   Thumb Code    10  fpinit.o(x$fpl$fpinit)
    __fplib_config_fpu_vfp                   0x08009437   Thumb Code     0  fpinit.o(x$fpl$fpinit)
    __fplib_config_pureend_doubles           0x08009437   Thumb Code     0  fpinit.o(x$fpl$fpinit)
    __fpl_fretinf                            0x08009439   Thumb Code    10  fretinf.o(x$fpl$fretinf)
    _frnd                                    0x08009445   Thumb Code    96  frnd.o(x$fpl$frnd)
    __I$use$fp                               0x080094a4   Number         0  usenofp.o(x$fpl$usenofp)
    AHBPrescTable                            0x080094c9   Data          16  system_stm32f4xx.o(.constdata)
    APBPrescTable                            0x080094d9   Data           8  system_stm32f4xx.o(.constdata)
    Region$$Table$$Base                      0x080094e4   Number         0  anon$$obj.o(Region$$Table)
    Region$$Table$$Limit                     0x08009504   Number         0  anon$$obj.o(Region$$Table)
    status                                   0x20000000   Data           1  main.o(.data)
    PWM_Freq                                 0x20000002   Data           2  main.o(.data)
    PCA_State                                0x20000004   Data           1  main.o(.data)
    Speed_Set                                0x20000008   Data           4  main.o(.data)
    Buffer_Arr                               0x2000000c   Data           7  main.o(.data)
    Buffer                                   0x20000013   Data           1  main.o(.data)
    check                                    0x20000014   Data           1  main.o(.data)
    theta                                    0x20000018   Data           4  main.o(.data)
    temp                                     0x2000001c   Data           4  main.o(.data)
    buff_index                               0x20000020   Data           1  main.o(.data)
    Reset_Angle_Byte                         0x20000021   Data           3  main.o(.data)
    RST_ANGLE                                0x20000024   Data           1  main.o(.data)
    cw_flag                                  0x20000025   Data           1  main.o(.data)
    ccw_flag                                 0x20000026   Data           1  main.o(.data)
    tempspeed                                0x20000027   Data           1  main.o(.data)
    Prev_Angle                               0x20000028   Data           4  main.o(.data)
    Angle_Raw                                0x2000002c   Data           4  main.o(.data)
    Angle_Driff                              0x20000030   Data           4  main.o(.data)
    Re_Buff_Index                            0x20000034   Data           1  main.o(.data)
    Re_Buff_Check                            0x20000035   Data           1  main.o(.data)
    SWERVE_DRIVE_1_ADDR                      0x20000036   Data           2  main.o(.data)
    SWERVE_DRIVE_2_ADDR                      0x20000038   Data           2  main.o(.data)
    Angle_2_Send                             0x2000003a   Data           2  main.o(.data)
    temp_RX                                  0x2000003c   Data           4  main.o(.data)
    temp_RY                                  0x20000040   Data           4  main.o(.data)
    init_check                               0x20000044   Data           1  main.o(.data)
    Angle_Input                              0x20000048   Data           8  main.o(.data)
    PIDOut                                   0x20000050   Data           8  main.o(.data)
    TempSetpoint                             0x20000058   Data           8  main.o(.data)
    period                                   0x20000060   Data           4  main.o(.data)
    Gygro_Move                               0x20000064   Data           1  main.o(.data)
    Out_Max                                  0x20000065   Data           1  main.o(.data)
    Out_Min                                  0x20000066   Data           1  main.o(.data)
    Speed                                    0x20000068   Data           4  main.o(.data)
    Speed_L                                  0x2000006c   Data           4  main.o(.data)
    Speed_R                                  0x20000070   Data           4  main.o(.data)
    gain                                     0x20000074   Data           4  main.o(.data)
    Field_Control_Check                      0x20000078   Data           1  main.o(.data)
    Last_R1_Button_State                     0x20000079   Data           1  main.o(.data)
    R1_Button_State                          0x2000007a   Data           1  main.o(.data)
    Rotate_90_Flag                           0x2000007b   Data           1  main.o(.data)
    C_Button_Sate                            0x2000007c   Data           1  main.o(.data)
    Last_C_Button_State                      0x2000007d   Data           1  main.o(.data)
    Rotate_n90_Flag                          0x2000007e   Data           1  main.o(.data)
    Sq_Button_Sate                           0x2000007f   Data           1  main.o(.data)
    Last_Sq_Button_State                     0x20000080   Data           1  main.o(.data)
    Rotate_180_Flag                          0x20000081   Data           1  main.o(.data)
    X_Button_Sate                            0x20000082   Data           1  main.o(.data)
    Last_X_Button_State                      0x20000083   Data           1  main.o(.data)
    Get_Red_Flag                             0x20000084   Data           1  main.o(.data)
    Right_Button_State                       0x20000085   Data           1  main.o(.data)
    Last_Right_Button_State                  0x20000086   Data           1  main.o(.data)
    Get_Yellow_Flag                          0x20000087   Data           1  main.o(.data)
    Foward_Button_State                      0x20000088   Data           1  main.o(.data)
    Last_Foward_Button_State                 0x20000089   Data           1  main.o(.data)
    Get_Green_Flag                           0x2000008a   Data           1  main.o(.data)
    Left_Button_State                        0x2000008b   Data           1  main.o(.data)
    Last_Left_Button_State                   0x2000008c   Data           1  main.o(.data)
    Get_Gift_Flag                            0x2000008d   Data           1  main.o(.data)
    Select_Button_State                      0x2000008e   Data           1  main.o(.data)
    Last_Select_Button_State                 0x2000008f   Data           1  main.o(.data)
    Servo_Arm_P1                             0x20000090   Data           1  main.o(.data)
    Servo_Arm_P2                             0x20000091   Data           1  main.o(.data)
    L1_Button_State                          0x20000092   Data           1  main.o(.data)
    Last_L1_Button_State                     0x20000093   Data           1  main.o(.data)
    Up_Button_State                          0x20000094   Data           1  main.o(.data)
    Last_Up_Button_State                     0x20000095   Data           1  main.o(.data)
    Down_Button_State                        0x20000096   Data           1  main.o(.data)
    Last_Down_Button_State                   0x20000097   Data           1  main.o(.data)
    Vibration_Deg                            0x20000098   Data           1  main.o(.data)
    One_Time_Flag                            0x20000099   Data           1  main.o(.data)
    PS2_PS2                                  0x2000009c   Data           4  ps2.o(.data)
    PS2_TIMER                                0x200000a0   Data           4  ps2.o(.data)
    pca9685_i2c                              0x200000a4   Data           4  pca9685.o(.data)
    uwTick                                   0x200000a8   Data           4  stm32f4xx_hal.o(.data)
    uwTickPrio                               0x200000ac   Data           4  stm32f4xx_hal.o(.data)
    uwTickFreq                               0x200000b0   Data           1  stm32f4xx_hal.o(.data)
    SystemCoreClock                          0x200000b4   Data           4  system_stm32f4xx.o(.data)
    RPID                                     0x200000b8   Data         112  main.o(.bss)
    i2c_arr                                  0x20000128   Data         128  main.o(.bss)
    Re_Buff                                  0x200001a8   Data          11  main.o(.bss)
    PS2                                      0x200001b3   Data          20  main.o(.bss)
    hi2c1                                    0x200001c8   Data          84  i2c.o(.bss)
    htim2                                    0x2000021c   Data          72  tim.o(.bss)
    htim8                                    0x20000264   Data          72  tim.o(.bss)
    huart4                                   0x200002ac   Data          68  usart.o(.bss)
    __libspace_start                         0x200002f0   Data          96  libspace.o(.bss)
    __temporary_stack_top$libspace           0x20000350   Data           0  libspace.o(.bss)



==============================================================================

Memory Map of the image

  Image Entry point : 0x08000189

  Load Region LR_IROM1 (Base: 0x08000000, Size: 0x000095bc, Max: 0x00080000, ABSOLUTE)

    Execution Region ER_IROM1 (Exec base: 0x08000000, Load base: 0x08000000, Size: 0x00009504, Max: 0x00080000, ABSOLUTE)

    Exec Addr    Load Addr    Size         Type   Attr      Idx    E Section Name        Object

    0x08000000   0x08000000   0x00000188   Data   RO            3    RESET               startup_stm32f407xx.o
    0x08000188   0x08000188   0x00000008   Code   RO         3961  * !!!main             c_w.l(__main.o)
    0x08000190   0x08000190   0x00000034   Code   RO         4189    !!!scatter          c_w.l(__scatter.o)
    0x080001c4   0x080001c4   0x0000001a   Code   RO         4191    !!handler_copy      c_w.l(__scatter_copy.o)
    0x080001de   0x080001de   0x00000002   PAD
    0x080001e0   0x080001e0   0x0000001c   Code   RO         4193    !!handler_zi        c_w.l(__scatter_zi.o)
    0x080001fc   0x080001fc   0x00000002   Code   RO         4059    .ARM.Collect$$libinit$$00000000  c_w.l(libinit.o)
    0x080001fe   0x080001fe   0x00000004   Code   RO         4071    .ARM.Collect$$libinit$$00000001  c_w.l(libinit2.o)
    0x08000202   0x08000202   0x00000000   Code   RO         4074    .ARM.Collect$$libinit$$00000004  c_w.l(libinit2.o)
    0x08000202   0x08000202   0x00000000   Code   RO         4077    .ARM.Collect$$libinit$$0000000A  c_w.l(libinit2.o)
    0x08000202   0x08000202   0x00000000   Code   RO         4079    .ARM.Collect$$libinit$$0000000C  c_w.l(libinit2.o)
    0x08000202   0x08000202   0x00000000   Code   RO         4081    .ARM.Collect$$libinit$$0000000E  c_w.l(libinit2.o)
    0x08000202   0x08000202   0x00000000   Code   RO         4084    .ARM.Collect$$libinit$$00000011  c_w.l(libinit2.o)
    0x08000202   0x08000202   0x00000000   Code   RO         4086    .ARM.Collect$$libinit$$00000013  c_w.l(libinit2.o)
    0x08000202   0x08000202   0x00000000   Code   RO         4088    .ARM.Collect$$libinit$$00000015  c_w.l(libinit2.o)
    0x08000202   0x08000202   0x00000000   Code   RO         4090    .ARM.Collect$$libinit$$00000017  c_w.l(libinit2.o)
    0x08000202   0x08000202   0x00000000   Code   RO         4092    .ARM.Collect$$libinit$$00000019  c_w.l(libinit2.o)
    0x08000202   0x08000202   0x00000000   Code   RO         4094    .ARM.Collect$$libinit$$0000001B  c_w.l(libinit2.o)
    0x08000202   0x08000202   0x00000000   Code   RO         4096    .ARM.Collect$$libinit$$0000001D  c_w.l(libinit2.o)
    0x08000202   0x08000202   0x00000000   Code   RO         4098    .ARM.Collect$$libinit$$0000001F  c_w.l(libinit2.o)
    0x08000202   0x08000202   0x00000000   Code   RO         4100    .ARM.Collect$$libinit$$00000021  c_w.l(libinit2.o)
    0x08000202   0x08000202   0x00000000   Code   RO         4102    .ARM.Collect$$libinit$$00000023  c_w.l(libinit2.o)
    0x08000202   0x08000202   0x00000000   Code   RO         4104    .ARM.Collect$$libinit$$00000025  c_w.l(libinit2.o)
    0x08000202   0x08000202   0x00000000   Code   RO         4108    .ARM.Collect$$libinit$$0000002C  c_w.l(libinit2.o)
    0x08000202   0x08000202   0x00000000   Code   RO         4110    .ARM.Collect$$libinit$$0000002E  c_w.l(libinit2.o)
    0x08000202   0x08000202   0x00000000   Code   RO         4112    .ARM.Collect$$libinit$$00000030  c_w.l(libinit2.o)
    0x08000202   0x08000202   0x00000000   Code   RO         4114    .ARM.Collect$$libinit$$00000032  c_w.l(libinit2.o)
    0x08000202   0x08000202   0x00000002   Code   RO         4115    .ARM.Collect$$libinit$$00000033  c_w.l(libinit2.o)
    0x08000204   0x08000204   0x00000002   Code   RO         4146    .ARM.Collect$$libshutdown$$00000000  c_w.l(libshutdown.o)
    0x08000206   0x08000206   0x00000000   Code   RO         4172    .ARM.Collect$$libshutdown$$00000002  c_w.l(libshutdown2.o)
    0x08000206   0x08000206   0x00000000   Code   RO         4174    .ARM.Collect$$libshutdown$$00000004  c_w.l(libshutdown2.o)
    0x08000206   0x08000206   0x00000000   Code   RO         4177    .ARM.Collect$$libshutdown$$00000007  c_w.l(libshutdown2.o)
    0x08000206   0x08000206   0x00000000   Code   RO         4180    .ARM.Collect$$libshutdown$$0000000A  c_w.l(libshutdown2.o)
    0x08000206   0x08000206   0x00000000   Code   RO         4182    .ARM.Collect$$libshutdown$$0000000C  c_w.l(libshutdown2.o)
    0x08000206   0x08000206   0x00000000   Code   RO         4185    .ARM.Collect$$libshutdown$$0000000F  c_w.l(libshutdown2.o)
    0x08000206   0x08000206   0x00000002   Code   RO         4186    .ARM.Collect$$libshutdown$$00000010  c_w.l(libshutdown2.o)
    0x08000208   0x08000208   0x00000000   Code   RO         4011    .ARM.Collect$$rtentry$$00000000  c_w.l(__rtentry.o)
    0x08000208   0x08000208   0x00000000   Code   RO         4030    .ARM.Collect$$rtentry$$00000002  c_w.l(__rtentry2.o)
    0x08000208   0x08000208   0x00000006   Code   RO         4042    .ARM.Collect$$rtentry$$00000004  c_w.l(__rtentry4.o)
    0x0800020e   0x0800020e   0x00000000   Code   RO         4032    .ARM.Collect$$rtentry$$00000009  c_w.l(__rtentry2.o)
    0x0800020e   0x0800020e   0x00000004   Code   RO         4033    .ARM.Collect$$rtentry$$0000000A  c_w.l(__rtentry2.o)
    0x08000212   0x08000212   0x00000000   Code   RO         4035    .ARM.Collect$$rtentry$$0000000C  c_w.l(__rtentry2.o)
    0x08000212   0x08000212   0x00000008   Code   RO         4036    .ARM.Collect$$rtentry$$0000000D  c_w.l(__rtentry2.o)
    0x0800021a   0x0800021a   0x00000002   Code   RO         4063    .ARM.Collect$$rtexit$$00000000  c_w.l(rtexit.o)
    0x0800021c   0x0800021c   0x00000000   Code   RO         4119    .ARM.Collect$$rtexit$$00000002  c_w.l(rtexit2.o)
    0x0800021c   0x0800021c   0x00000004   Code   RO         4120    .ARM.Collect$$rtexit$$00000003  c_w.l(rtexit2.o)
    0x08000220   0x08000220   0x00000006   Code   RO         4121    .ARM.Collect$$rtexit$$00000004  c_w.l(rtexit2.o)
    0x08000226   0x08000226   0x00000002   PAD
    0x08000228   0x08000228   0x00000040   Code   RO            4    .text               startup_stm32f407xx.o
    0x08000268   0x08000268   0x000000ee   Code   RO         3955    .text               c_w.l(lludivv7m.o)
    0x08000356   0x08000356   0x0000004e   Code   RO         3957    .text               c_w.l(rt_memclr_w.o)
    0x080003a4   0x080003a4   0x00000006   Code   RO         3959    .text               c_w.l(heapauxi.o)
    0x080003aa   0x080003aa   0x0000004a   Code   RO         4046    .text               c_w.l(sys_stackheap_outer.o)
    0x080003f4   0x080003f4   0x00000012   Code   RO         4048    .text               c_w.l(exit.o)
    0x08000406   0x08000406   0x00000002   PAD
    0x08000408   0x08000408   0x00000008   Code   RO         4060    .text               c_w.l(libspace.o)
    0x08000410   0x08000410   0x0000000c   Code   RO         4116    .text               c_w.l(sys_exit.o)
    0x0800041c   0x0800041c   0x00000002   Code   RO         4135    .text               c_w.l(use_no_semi.o)
    0x0800041e   0x0800041e   0x00000000   Code   RO         4137    .text               c_w.l(indicate_semi.o)
    0x0800041e   0x0800041e   0x00000004   Code   RO          419    i.BusFault_Handler  stm32f4xx_it.o
    0x08000422   0x08000422   0x00000002   PAD
    0x08000424   0x08000424   0x0000003c   Code   RO           13    i.Buzzer_Beep       main.o
    0x08000460   0x08000460   0x00000002   Code   RO          420    i.DebugMon_Handler  stm32f4xx_it.o
    0x08000462   0x08000462   0x00000008   Code   RO           14    i.Div16_To_8        main.o
    0x0800046a   0x0800046a   0x00000006   Code   RO           15    i.Error_Handler     main.o
    0x08000470   0x08000470   0x00000002   Code   RO          421    i.FPU_IRQHandler    stm32f4xx_it.o
    0x08000472   0x08000472   0x000000ac   Code   RO         1893    i.HAL_DMA_Abort     stm32f4xx_hal_dma.o
    0x0800051e   0x0800051e   0x00000028   Code   RO         1894    i.HAL_DMA_Abort_IT  stm32f4xx_hal_dma.o
    0x08000546   0x08000546   0x00000008   Code   RO         1897    i.HAL_DMA_GetState  stm32f4xx_hal_dma.o
    0x0800054e   0x0800054e   0x00000002   PAD
    0x08000550   0x08000550   0x00000028   Code   RO         2317    i.HAL_Delay         stm32f4xx_hal.o
    0x08000578   0x08000578   0x00000418   Code   RO         1786    i.HAL_GPIO_Init     stm32f4xx_hal_gpio.o
    0x08000990   0x08000990   0x00000068   Code   RO         1788    i.HAL_GPIO_ReadPin  stm32f4xx_hal_gpio.o
    0x080009f8   0x080009f8   0x0000006c   Code   RO         1789    i.HAL_GPIO_TogglePin  stm32f4xx_hal_gpio.o
    0x08000a64   0x08000a64   0x00000078   Code   RO         1790    i.HAL_GPIO_WritePin  stm32f4xx_hal_gpio.o
    0x08000adc   0x08000adc   0x0000000c   Code   RO         2323    i.HAL_GetTick       stm32f4xx_hal.o
    0x08000ae8   0x08000ae8   0x00000002   Code   RO          896    i.HAL_I2C_AbortCpltCallback  stm32f4xx_hal_i2c.o
    0x08000aea   0x08000aea   0x00000002   Code   RO          897    i.HAL_I2C_AddrCallback  stm32f4xx_hal_i2c.o
    0x08000aec   0x08000aec   0x000000d4   Code   RO          900    i.HAL_I2C_ER_IRQHandler  stm32f4xx_hal_i2c.o
    0x08000bc0   0x08000bc0   0x000001da   Code   RO          901    i.HAL_I2C_EV_IRQHandler  stm32f4xx_hal_i2c.o
    0x08000d9a   0x08000d9a   0x00000002   Code   RO          903    i.HAL_I2C_ErrorCallback  stm32f4xx_hal_i2c.o
    0x08000d9c   0x08000d9c   0x000002f0   Code   RO          907    i.HAL_I2C_Init      stm32f4xx_hal_i2c.o
    0x0800108c   0x0800108c   0x000001b8   Code   RO          908    i.HAL_I2C_IsDeviceReady  stm32f4xx_hal_i2c.o
    0x08001244   0x08001244   0x00000002   Code   RO          909    i.HAL_I2C_ListenCpltCallback  stm32f4xx_hal_i2c.o
    0x08001246   0x08001246   0x00000002   Code   RO          910    i.HAL_I2C_MasterRxCpltCallback  stm32f4xx_hal_i2c.o
    0x08001248   0x08001248   0x00000002   Code   RO          911    i.HAL_I2C_MasterTxCpltCallback  stm32f4xx_hal_i2c.o
    0x0800124a   0x0800124a   0x00000002   PAD
    0x0800124c   0x0800124c   0x00000170   Code   RO          920    i.HAL_I2C_Master_Transmit  stm32f4xx_hal_i2c.o
    0x080013bc   0x080013bc   0x00000002   Code   RO          923    i.HAL_I2C_MemRxCpltCallback  stm32f4xx_hal_i2c.o
    0x080013be   0x080013be   0x00000002   Code   RO          924    i.HAL_I2C_MemTxCpltCallback  stm32f4xx_hal_i2c.o
    0x080013c0   0x080013c0   0x00000340   Code   RO          925    i.HAL_I2C_Mem_Read  stm32f4xx_hal_i2c.o
    0x08001700   0x08001700   0x000001b0   Code   RO          928    i.HAL_I2C_Mem_Write  stm32f4xx_hal_i2c.o
    0x080018b0   0x080018b0   0x000000a8   Code   RO          282    i.HAL_I2C_MspInit   i2c.o
    0x08001958   0x08001958   0x00000002   Code   RO          933    i.HAL_I2C_SlaveRxCpltCallback  stm32f4xx_hal_i2c.o
    0x0800195a   0x0800195a   0x00000002   Code   RO          934    i.HAL_I2C_SlaveTxCpltCallback  stm32f4xx_hal_i2c.o
    0x0800195c   0x0800195c   0x00000018   Code   RO         2329    i.HAL_IncTick       stm32f4xx_hal.o
    0x08001974   0x08001974   0x0000003c   Code   RO         2330    i.HAL_Init          stm32f4xx_hal.o
    0x080019b0   0x080019b0   0x0000004c   Code   RO         2331    i.HAL_InitTick      stm32f4xx_hal.o
    0x080019fc   0x080019fc   0x00000070   Code   RO          549    i.HAL_MspInit       stm32f4xx_hal_msp.o
    0x08001a6c   0x08001a6c   0x0000006c   Code   RO         2175    i.HAL_NVIC_EnableIRQ  stm32f4xx_hal_cortex.o
    0x08001ad8   0x08001ad8   0x000000d4   Code   RO         2181    i.HAL_NVIC_SetPriority  stm32f4xx_hal_cortex.o
    0x08001bac   0x08001bac   0x00000088   Code   RO         2182    i.HAL_NVIC_SetPriorityGrouping  stm32f4xx_hal_cortex.o
    0x08001c34   0x08001c34   0x000002c0   Code   RO         1387    i.HAL_RCC_ClockConfig  stm32f4xx_hal_rcc.o
    0x08001ef4   0x08001ef4   0x0000000c   Code   RO         1392    i.HAL_RCC_GetHCLKFreq  stm32f4xx_hal_rcc.o
    0x08001f00   0x08001f00   0x00000020   Code   RO         1394    i.HAL_RCC_GetPCLK1Freq  stm32f4xx_hal_rcc.o
    0x08001f20   0x08001f20   0x00000020   Code   RO         1395    i.HAL_RCC_GetPCLK2Freq  stm32f4xx_hal_rcc.o
    0x08001f40   0x08001f40   0x000000b0   Code   RO         1396    i.HAL_RCC_GetSysClockFreq  stm32f4xx_hal_rcc.o
    0x08001ff0   0x08001ff0   0x00000610   Code   RO         1399    i.HAL_RCC_OscConfig  stm32f4xx_hal_rcc.o
    0x08002600   0x08002600   0x00000034   Code   RO         2186    i.HAL_SYSTICK_Config  stm32f4xx_hal_cortex.o
    0x08002634   0x08002634   0x00000002   Code   RO         3285    i.HAL_TIMEx_BreakCallback  stm32f4xx_hal_tim_ex.o
    0x08002636   0x08002636   0x00000002   Code   RO         3286    i.HAL_TIMEx_CommutCallback  stm32f4xx_hal_tim_ex.o
    0x08002638   0x08002638   0x00000188   Code   RO         3288    i.HAL_TIMEx_ConfigBreakDeadTime  stm32f4xx_hal_tim_ex.o
    0x080027c0   0x080027c0   0x00000198   Code   RO         3304    i.HAL_TIMEx_MasterConfigSynchronization  stm32f4xx_hal_tim_ex.o
    0x08002958   0x08002958   0x000001ac   Code   RO         2570    i.HAL_TIM_Base_Init  stm32f4xx_hal_tim.o
    0x08002b04   0x08002b04   0x000000a4   Code   RO          324    i.HAL_TIM_Base_MspInit  tim.o
    0x08002ba8   0x08002ba8   0x00000168   Code   RO         2573    i.HAL_TIM_Base_Start  stm32f4xx_hal_tim.o
    0x08002d10   0x08002d10   0x00000598   Code   RO         2579    i.HAL_TIM_ConfigClockSource  stm32f4xx_hal_tim.o
    0x080032a8   0x080032a8   0x00000002   Code   RO         2604    i.HAL_TIM_IC_CaptureCallback  stm32f4xx_hal_tim.o
    0x080032aa   0x080032aa   0x00000196   Code   RO         2618    i.HAL_TIM_IRQHandler  stm32f4xx_hal_tim.o
    0x08003440   0x08003440   0x00000064   Code   RO          325    i.HAL_TIM_MspPostInit  tim.o
    0x080034a4   0x080034a4   0x00000002   Code   RO         2621    i.HAL_TIM_OC_DelayElapsedCallback  stm32f4xx_hal_tim.o
    0x080034a6   0x080034a6   0x00000002   PAD
    0x080034a8   0x080034a8   0x00000300   Code   RO         2642    i.HAL_TIM_PWM_ConfigChannel  stm32f4xx_hal_tim.o
    0x080037a8   0x080037a8   0x000001ac   Code   RO         2645    i.HAL_TIM_PWM_Init  stm32f4xx_hal_tim.o
    0x08003954   0x08003954   0x00000002   Code   RO         2647    i.HAL_TIM_PWM_MspInit  stm32f4xx_hal_tim.o
    0x08003956   0x08003956   0x00000002   Code   RO         2648    i.HAL_TIM_PWM_PulseFinishedCallback  stm32f4xx_hal_tim.o
    0x08003958   0x08003958   0x00000230   Code   RO         2650    i.HAL_TIM_PWM_Start  stm32f4xx_hal_tim.o
    0x08003b88   0x08003b88   0x00000002   Code   RO         2656    i.HAL_TIM_PeriodElapsedCallback  stm32f4xx_hal_tim.o
    0x08003b8a   0x08003b8a   0x00000002   Code   RO         2661    i.HAL_TIM_TriggerCallback  stm32f4xx_hal_tim.o
    0x08003b8c   0x08003b8c   0x00000002   Code   RO         3563    i.HAL_UARTEx_RxEventCallback  stm32f4xx_hal_uart.o
    0x08003b8e   0x08003b8e   0x00000002   Code   RO         3577    i.HAL_UART_ErrorCallback  stm32f4xx_hal_uart.o
    0x08003b90   0x08003b90   0x000002e0   Code   RO         3580    i.HAL_UART_IRQHandler  stm32f4xx_hal_uart.o
    0x08003e70   0x08003e70   0x00000188   Code   RO         3581    i.HAL_UART_Init     stm32f4xx_hal_uart.o
    0x08003ff8   0x08003ff8   0x00000098   Code   RO          378    i.HAL_UART_MspInit  usart.o
    0x08004090   0x08004090   0x00000042   Code   RO         3586    i.HAL_UART_Receive_IT  stm32f4xx_hal_uart.o
    0x080040d2   0x080040d2   0x00000002   PAD
    0x080040d4   0x080040d4   0x00000078   Code   RO           17    i.HAL_UART_RxCpltCallback  main.o
    0x0800414c   0x0800414c   0x000000d2   Code   RO         3589    i.HAL_UART_Transmit  stm32f4xx_hal_uart.o
    0x0800421e   0x0800421e   0x00000002   Code   RO         3592    i.HAL_UART_TxCpltCallback  stm32f4xx_hal_uart.o
    0x08004220   0x08004220   0x00000004   Code   RO          422    i.HardFault_Handler  stm32f4xx_it.o
    0x08004224   0x08004224   0x00000010   Code   RO          423    i.I2C1_ER_IRQHandler  stm32f4xx_it.o
    0x08004234   0x08004234   0x00000010   Code   RO          424    i.I2C1_EV_IRQHandler  stm32f4xx_it.o
    0x08004244   0x08004244   0x0000001c   Code   RO          945    i.I2C_ConvertOtherXferOptions  stm32f4xx_hal_i2c.o
    0x08004260   0x08004260   0x000000f8   Code   RO          946    i.I2C_DMAAbort      stm32f4xx_hal_i2c.o
    0x08004358   0x08004358   0x000001ac   Code   RO          949    i.I2C_ITError       stm32f4xx_hal_i2c.o
    0x08004504   0x08004504   0x0000003e   Code   RO          950    i.I2C_IsAcknowledgeFailed  stm32f4xx_hal_i2c.o
    0x08004542   0x08004542   0x00000126   Code   RO          951    i.I2C_MasterReceive_BTF  stm32f4xx_hal_i2c.o
    0x08004668   0x08004668   0x000000f0   Code   RO          952    i.I2C_MasterReceive_RXNE  stm32f4xx_hal_i2c.o
    0x08004758   0x08004758   0x000000c0   Code   RO          954    i.I2C_MasterRequestWrite  stm32f4xx_hal_i2c.o
    0x08004818   0x08004818   0x000000a0   Code   RO          955    i.I2C_MasterTransmit_BTF  stm32f4xx_hal_i2c.o
    0x080048b8   0x080048b8   0x000000d8   Code   RO          956    i.I2C_MasterTransmit_TXE  stm32f4xx_hal_i2c.o
    0x08004990   0x08004990   0x0000002a   Code   RO          957    i.I2C_Master_ADD10  stm32f4xx_hal_i2c.o
    0x080049ba   0x080049ba   0x00000268   Code   RO          958    i.I2C_Master_ADDR   stm32f4xx_hal_i2c.o
    0x08004c22   0x08004c22   0x0000009e   Code   RO          959    i.I2C_Master_SB     stm32f4xx_hal_i2c.o
    0x08004cc0   0x08004cc0   0x000000be   Code   RO          960    i.I2C_MemoryTransmit_TXE_BTF  stm32f4xx_hal_i2c.o
    0x08004d7e   0x08004d7e   0x00000002   PAD
    0x08004d80   0x08004d80   0x00000160   Code   RO          961    i.I2C_RequestMemoryRead  stm32f4xx_hal_i2c.o
    0x08004ee0   0x08004ee0   0x000000e0   Code   RO          962    i.I2C_RequestMemoryWrite  stm32f4xx_hal_i2c.o
    0x08004fc0   0x08004fc0   0x0000001a   Code   RO          963    i.I2C_SlaveReceive_BTF  stm32f4xx_hal_i2c.o
    0x08004fda   0x08004fda   0x00000046   Code   RO          964    i.I2C_SlaveReceive_RXNE  stm32f4xx_hal_i2c.o
    0x08005020   0x08005020   0x0000001a   Code   RO          965    i.I2C_SlaveTransmit_BTF  stm32f4xx_hal_i2c.o
    0x0800503a   0x0800503a   0x00000046   Code   RO          966    i.I2C_SlaveTransmit_TXE  stm32f4xx_hal_i2c.o
    0x08005080   0x08005080   0x00000070   Code   RO          967    i.I2C_Slave_ADDR    stm32f4xx_hal_i2c.o
    0x080050f0   0x080050f0   0x000000a0   Code   RO          968    i.I2C_Slave_AF      stm32f4xx_hal_i2c.o
    0x08005190   0x08005190   0x0000018c   Code   RO          969    i.I2C_Slave_STOPF   stm32f4xx_hal_i2c.o
    0x0800531c   0x0800531c   0x0000005c   Code   RO          970    i.I2C_WaitOnBTFFlagUntilTimeout  stm32f4xx_hal_i2c.o
    0x08005378   0x08005378   0x00000086   Code   RO          971    i.I2C_WaitOnFlagUntilTimeout  stm32f4xx_hal_i2c.o
    0x080053fe   0x080053fe   0x000000c4   Code   RO          972    i.I2C_WaitOnMasterAddressFlagUntilTimeout  stm32f4xx_hal_i2c.o
    0x080054c2   0x080054c2   0x00000080   Code   RO          973    i.I2C_WaitOnRXNEFlagUntilTimeout  stm32f4xx_hal_i2c.o
    0x08005542   0x08005542   0x00000002   PAD
    0x08005544   0x08005544   0x00000050   Code   RO          975    i.I2C_WaitOnSTOPRequestThroughIT  stm32f4xx_hal_i2c.o
    0x08005594   0x08005594   0x0000005c   Code   RO          976    i.I2C_WaitOnTXEFlagUntilTimeout  stm32f4xx_hal_i2c.o
    0x080055f0   0x080055f0   0x000000fc   Code   RO           18    i.MPU_Data_Merge    main.o
    0x080056ec   0x080056ec   0x00000234   Code   RO          257    i.MX_GPIO_Init      gpio.o
    0x08005920   0x08005920   0x0000003c   Code   RO          283    i.MX_I2C1_Init      i2c.o
    0x0800595c   0x0800595c   0x0000006c   Code   RO          326    i.MX_TIM2_Init      tim.o
    0x080059c8   0x080059c8   0x00000108   Code   RO          327    i.MX_TIM8_Init      tim.o
    0x08005ad0   0x08005ad0   0x00000038   Code   RO          379    i.MX_UART4_Init     usart.o
    0x08005b08   0x08005b08   0x00000004   Code   RO          425    i.MemManage_Handler  stm32f4xx_it.o
    0x08005b0c   0x08005b0c   0x000000c8   Code   RO           19    i.Motor_PWM         main.o
    0x08005bd4   0x08005bd4   0x00000004   Code   RO          426    i.NMI_Handler       stm32f4xx_it.o
    0x08005bd8   0x08005bd8   0x00000010   Code   RO          804    i.PCA9685_AutoIncrement  pca9685.o
    0x08005be8   0x08005be8   0x00000020   Code   RO          805    i.PCA9685_Init      pca9685.o
    0x08005c08   0x08005c08   0x00000010   Code   RO          806    i.PCA9685_RestartMode  pca9685.o
    0x08005c18   0x08005c18   0x00000078   Code   RO          807    i.PCA9685_SetBit    pca9685.o
    0x08005c90   0x08005c90   0x0000007a   Code   RO          808    i.PCA9685_SetPin    pca9685.o
    0x08005d0a   0x08005d0a   0x00000002   PAD
    0x08005d0c   0x08005d0c   0x00000054   Code   RO          809    i.PCA9685_SetPwm    pca9685.o
    0x08005d60   0x08005d60   0x00000104   Code   RO          810    i.PCA9685_SetPwmFrequency  pca9685.o
    0x08005e64   0x08005e64   0x000000e4   Code   RO          811    i.PCA9685_SetServoAngle  pca9685.o
    0x08005f48   0x08005f48   0x00000010   Code   RO          812    i.PCA9685_SleepMode  pca9685.o
    0x08005f58   0x08005f58   0x00000028   Code   RO          813    i.PCA9685_SoftwareReset  pca9685.o
    0x08005f80   0x08005f80   0x00000094   Code   RO          573    i.PID               pid.o
    0x08006014   0x08006014   0x00000208   Code   RO          575    i.PID_Compute       pid.o
    0x0800621c   0x0800621c   0x00000078   Code   RO          581    i.PID_Init          pid.o
    0x08006294   0x08006294   0x000000ac   Code   RO           20    i.PID_Set           main.o
    0x08006340   0x08006340   0x0000007c   Code   RO          582    i.PID_SetControllerDirection  pid.o
    0x080063bc   0x080063bc   0x00000022   Code   RO          583    i.PID_SetMode       pid.o
    0x080063de   0x080063de   0x00000104   Code   RO          584    i.PID_SetOutputLimits  pid.o
    0x080064e2   0x080064e2   0x0000006e   Code   RO          585    i.PID_SetSampleTime  pid.o
    0x08006550   0x08006550   0x00000130   Code   RO          587    i.PID_SetTunings2   pid.o
    0x08006680   0x08006680   0x00000028   Code   RO          687    i.PS2_AnalogMode    ps2.o
    0x080066a8   0x080066a8   0x00000048   Code   RO          688    i.PS2_Cmd           ps2.o
    0x080066f0   0x080066f0   0x00000020   Code   RO          689    i.PS2_EnterConfig   ps2.o
    0x08006710   0x08006710   0x00000030   Code   RO          690    i.PS2_ExitConfig    ps2.o
    0x08006740   0x08006740   0x00000034   Code   RO          691    i.PS2_Init          ps2.o
    0x08006774   0x08006774   0x00000020   Code   RO          692    i.PS2_Poll          ps2.o
    0x08006794   0x08006794   0x00000084   Code   RO          693    i.PS2_SendByte      ps2.o
    0x08006818   0x08006818   0x0000015c   Code   RO          694    i.PS2_Update        ps2.o
    0x08006974   0x08006974   0x00000002   Code   RO          427    i.PendSV_Handler    stm32f4xx_it.o
    0x08006976   0x08006976   0x00000002   Code   RO          428    i.RCC_IRQHandler    stm32f4xx_it.o
    0x08006978   0x08006978   0x00000002   Code   RO          429    i.SVC_Handler       stm32f4xx_it.o
    0x0800697a   0x0800697a   0x00000002   PAD
    0x0800697c   0x0800697c   0x00000074   Code   RO           21    i.Swerve_Module_Send  main.o
    0x080069f0   0x080069f0   0x00000008   Code   RO          430    i.SysTick_Handler   stm32f4xx_it.o
    0x080069f8   0x080069f8   0x000000b0   Code   RO           22    i.SystemClock_Config  main.o
    0x08006aa8   0x08006aa8   0x00000014   Code   RO         3920    i.SystemInit        system_stm32f4xx.o
    0x08006abc   0x08006abc   0x00000010   Code   RO          431    i.TIM2_IRQHandler   stm32f4xx_it.o
    0x08006acc   0x08006acc   0x00000010   Code   RO          432    i.TIM8_BRK_TIM12_IRQHandler  stm32f4xx_it.o
    0x08006adc   0x08006adc   0x00000010   Code   RO          433    i.TIM8_CC_IRQHandler  stm32f4xx_it.o
    0x08006aec   0x08006aec   0x00000010   Code   RO          434    i.TIM8_UP_TIM13_IRQHandler  stm32f4xx_it.o
    0x08006afc   0x08006afc   0x000000d8   Code   RO         2663    i.TIM_Base_SetConfig  stm32f4xx_hal_tim.o
    0x08006bd4   0x08006bd4   0x00000104   Code   RO         2664    i.TIM_CCxChannelCmd  stm32f4xx_hal_tim.o
    0x08006cd8   0x08006cd8   0x00000016   Code   RO         2674    i.TIM_ETR_SetConfig  stm32f4xx_hal_tim.o
    0x08006cee   0x08006cee   0x00000012   Code   RO         2675    i.TIM_ITRx_SetConfig  stm32f4xx_hal_tim.o
    0x08006d00   0x08006d00   0x000000fc   Code   RO         2676    i.TIM_OC1_SetConfig  stm32f4xx_hal_tim.o
    0x08006dfc   0x08006dfc   0x00000104   Code   RO         2677    i.TIM_OC2_SetConfig  stm32f4xx_hal_tim.o
    0x08006f00   0x08006f00   0x00000104   Code   RO         2678    i.TIM_OC3_SetConfig  stm32f4xx_hal_tim.o
    0x08007004   0x08007004   0x000000b0   Code   RO         2679    i.TIM_OC4_SetConfig  stm32f4xx_hal_tim.o
    0x080070b4   0x080070b4   0x00000026   Code   RO         2681    i.TIM_TI1_ConfigInputStage  stm32f4xx_hal_tim.o
    0x080070da   0x080070da   0x00000028   Code   RO         2683    i.TIM_TI2_ConfigInputStage  stm32f4xx_hal_tim.o
    0x08007102   0x08007102   0x00000002   PAD
    0x08007104   0x08007104   0x00000010   Code   RO          435    i.UART4_IRQHandler  stm32f4xx_it.o
    0x08007114   0x08007114   0x00000014   Code   RO         3594    i.UART_DMAAbortOnError  stm32f4xx_hal_uart.o
    0x08007128   0x08007128   0x0000006c   Code   RO         3604    i.UART_EndRxTransfer  stm32f4xx_hal_uart.o
    0x08007194   0x08007194   0x00000020   Code   RO         3605    i.UART_EndTransmit_IT  stm32f4xx_hal_uart.o
    0x080071b4   0x080071b4   0x000000f8   Code   RO         3607    i.UART_Receive_IT   stm32f4xx_hal_uart.o
    0x080072ac   0x080072ac   0x000002e0   Code   RO         3608    i.UART_SetConfig    stm32f4xx_hal_uart.o
    0x0800758c   0x0800758c   0x0000004a   Code   RO         3610    i.UART_Start_Receive_IT  stm32f4xx_hal_uart.o
    0x080075d6   0x080075d6   0x00000060   Code   RO         3611    i.UART_Transmit_IT  stm32f4xx_hal_uart.o
    0x08007636   0x08007636   0x00000092   Code   RO         3612    i.UART_WaitOnFlagUntilTimeout  stm32f4xx_hal_uart.o
    0x080076c8   0x080076c8   0x00000004   Code   RO          436    i.UsageFault_Handler  stm32f4xx_it.o
    0x080076cc   0x080076cc   0x00000010   Code   RO         2188    i.__NVIC_GetPriorityGrouping  stm32f4xx_hal_cortex.o
    0x080076dc   0x080076dc   0x00000028   Code   RO         2189    i.__NVIC_SetPriority  stm32f4xx_hal_cortex.o
    0x08007704   0x08007704   0x00000014   Code   RO         3995    i.__hardfp_fabs     m_wm.l(fabs.o)
    0x08007718   0x08007718   0x00000118   Code   RO         4001    i.__hardfp_floor    m_wm.l(floor.o)
    0x08007830   0x08007830   0x0000009a   Code   RO         4007    i.__hardfp_roundf   m_wm.l(roundf.o)
    0x080078ca   0x080078ca   0x00000002   Code   RO           23    i.assert_failed     main.o
    0x080078cc   0x080078cc   0x00000020   Code   RO          695    i.delay_us          ps2.o
    0x080078ec   0x080078ec   0x00001030   Code   RO           24    i.main              main.o
    0x0800891c   0x0800891c   0x0000001e   Code   RO           25    i.map               main.o
    0x0800893a   0x0800893a   0x00000018   Code   RO         3963    x$fpl$basic         fz_wm.l(basic.o)
    0x08008952   0x08008952   0x00000002   PAD
    0x08008954   0x08008954   0x00000062   Code   RO         3965    x$fpl$d2f           fz_wm.l(d2f.o)
    0x080089b6   0x080089b6   0x00000002   PAD
    0x080089b8   0x080089b8   0x00000150   Code   RO         3967    x$fpl$dadd          fz_wm.l(daddsub_clz.o)
    0x08008b08   0x08008b08   0x00000018   Code   RO         4016    x$fpl$dcmpinf       fz_wm.l(dcmpi.o)
    0x08008b20   0x08008b20   0x000002b0   Code   RO         3974    x$fpl$ddiv          fz_wm.l(ddiv.o)
    0x08008dd0   0x08008dd0   0x0000005a   Code   RO         3977    x$fpl$dfixu         fz_wm.l(dfixu.o)
    0x08008e2a   0x08008e2a   0x0000002e   Code   RO         3982    x$fpl$dflt          fz_wm.l(dflt_clz.o)
    0x08008e58   0x08008e58   0x00000026   Code   RO         3981    x$fpl$dfltu         fz_wm.l(dflt_clz.o)
    0x08008e7e   0x08008e7e   0x00000002   PAD
    0x08008e80   0x08008e80   0x00000078   Code   RO         3987    x$fpl$dleqf         fz_wm.l(dleqf.o)
    0x08008ef8   0x08008ef8   0x00000154   Code   RO         3989    x$fpl$dmul          fz_wm.l(dmul.o)
    0x0800904c   0x0800904c   0x0000009c   Code   RO         4018    x$fpl$dnaninf       fz_wm.l(dnaninf.o)
    0x080090e8   0x080090e8   0x0000000c   Code   RO         4020    x$fpl$dretinf       fz_wm.l(dretinf.o)
    0x080090f4   0x080090f4   0x0000006c   Code   RO         3991    x$fpl$drleqf        fz_wm.l(drleqf.o)
    0x08009160   0x08009160   0x00000016   Code   RO         3968    x$fpl$drsb          fz_wm.l(daddsub_clz.o)
    0x08009176   0x08009176   0x00000002   PAD
    0x08009178   0x08009178   0x000001d4   Code   RO         3969    x$fpl$dsub          fz_wm.l(daddsub_clz.o)
    0x0800934c   0x0800934c   0x00000056   Code   RO         3993    x$fpl$f2d           fz_wm.l(f2d.o)
    0x080093a2   0x080093a2   0x0000008c   Code   RO         4022    x$fpl$fnaninf       fz_wm.l(fnaninf.o)
    0x0800942e   0x0800942e   0x0000000a   Code   RO         4131    x$fpl$fpinit        fz_wm.l(fpinit.o)
    0x08009438   0x08009438   0x0000000a   Code   RO         4024    x$fpl$fretinf       fz_wm.l(fretinf.o)
    0x08009442   0x08009442   0x00000002   PAD
    0x08009444   0x08009444   0x00000060   Code   RO         4026    x$fpl$frnd          fz_wm.l(frnd.o)
    0x080094a4   0x080094a4   0x00000000   Code   RO         4028    x$fpl$usenofp       fz_wm.l(usenofp.o)
    0x080094a4   0x080094a4   0x00000025   Data   RO          696    .constdata          ps2.o
    0x080094c9   0x080094c9   0x00000018   Data   RO         3921    .constdata          system_stm32f4xx.o
    0x080094e1   0x080094e1   0x00000003   PAD
    0x080094e4   0x080094e4   0x00000020   Data   RO         4187    Region$$Table       anon$$obj.o


    Execution Region RW_IRAM1 (Exec base: 0x20000000, Load base: 0x08009504, Size: 0x00000950, Max: 0x0001c000, ABSOLUTE)

    Exec Addr    Load Addr    Size         Type   Attr      Idx    E Section Name        Object

    0x20000000   0x08009504   0x0000009a   Data   RW           27    .data               main.o
    0x2000009a   0x0800959e   0x00000002   PAD
    0x2000009c   0x080095a0   0x00000008   Data   RW          697    .data               ps2.o
    0x200000a4   0x080095a8   0x00000004   Data   RW          815    .data               pca9685.o
    0x200000a8   0x080095ac   0x00000009   Data   RW         2337    .data               stm32f4xx_hal.o
    0x200000b1   0x080095b5   0x00000003   PAD
    0x200000b4   0x080095b8   0x00000004   Data   RW         3922    .data               system_stm32f4xx.o
    0x200000b8        -       0x0000010f   Zero   RW           26    .bss                main.o
    0x200001c7   0x080095bc   0x00000001   PAD
    0x200001c8        -       0x00000054   Zero   RW          284    .bss                i2c.o
    0x2000021c        -       0x00000090   Zero   RW          328    .bss                tim.o
    0x200002ac        -       0x00000044   Zero   RW          380    .bss                usart.o
    0x200002f0        -       0x00000060   Zero   RW         4061    .bss                c_w.l(libspace.o)
    0x20000350        -       0x00000200   Zero   RW            2    HEAP                startup_stm32f407xx.o
    0x20000550        -       0x00000400   Zero   RW            1    STACK               startup_stm32f407xx.o


    Execution Region RW_IRAM2 (Exec base: 0x2001c000, Load base: 0x080095bc, Size: 0x00000000, Max: 0x00004000, ABSOLUTE)

    **** No section assigned to this execution region ****


==============================================================================

Image component sizes


      Code (inc. data)   RO Data    RW Data    ZI Data      Debug   Object Name

       564         26          0          0          0       1427   gpio.o
       228         26          0          0         84       1877   i2c.o
      5286        642          0        154        271     714849   main.o
       934         96          0          4          0       7576   pca9685.o
      1620         50          0          0          0       6678   pid.o
       788         62         37          8          0       6207   ps2.o
        64         26        392          0       1536        864   startup_stm32f407xx.o
       212         36          0          9          0       9689   stm32f4xx_hal.o
       564        204          0          0          0      34699   stm32f4xx_hal_cortex.o
       220          0          0          0          0       2762   stm32f4xx_hal_dma.o
      1380        292          0          0          0       4144   stm32f4xx_hal_gpio.o
      8562        286          0          0          0      38870   stm32f4xx_hal_i2c.o
       112          6          0          0          0       1042   stm32f4xx_hal_msp.o
      2508        200          0          0          0       6196   stm32f4xx_hal_rcc.o
      5936       1070          0          0          0      19145   stm32f4xx_hal_tim.o
       804        166          0          0          0       3741   stm32f4xx_hal_tim_ex.o
      2870        162          0          0          0      13168   stm32f4xx_hal_uart.o
       150         42          0          0          0       9011   stm32f4xx_it.o
        20          6         24          4          0       1311   system_stm32f4xx.o
       636         36          0          0        144       3513   tim.o
       208         22          0          0         68       1892   usart.o

    ----------------------------------------------------------------------
     33686       3456        488        184       2104     888661   Object Totals
         0          0         32          0          0          0   (incl. Generated)
        20          0          3          5          1          0   (incl. Padding)

    ----------------------------------------------------------------------

      Code (inc. data)   RO Data    RW Data    ZI Data      Debug   Library Member Name

         8          0          0          0          0         68   __main.o
         0          0          0          0          0          0   __rtentry.o
        12          0          0          0          0          0   __rtentry2.o
         6          0          0          0          0          0   __rtentry4.o
        52          8          0          0          0          0   __scatter.o
        26          0          0          0          0          0   __scatter_copy.o
        28          0          0          0          0          0   __scatter_zi.o
        18          0          0          0          0         80   exit.o
         6          0          0          0          0        152   heapauxi.o
         0          0          0          0          0          0   indicate_semi.o
         2          0          0          0          0          0   libinit.o
         6          0          0          0          0          0   libinit2.o
         2          0          0          0          0          0   libshutdown.o
         2          0          0          0          0          0   libshutdown2.o
         8          4          0          0         96         68   libspace.o
       238          0          0          0          0        100   lludivv7m.o
        78          0          0          0          0         80   rt_memclr_w.o
         2          0          0          0          0          0   rtexit.o
        10          0          0          0          0          0   rtexit2.o
        12          4          0          0          0         68   sys_exit.o
        74          0          0          0          0         80   sys_stackheap_outer.o
         2          0          0          0          0         68   use_no_semi.o
        24          0          0          0          0        164   basic.o
        98          4          0          0          0        140   d2f.o
       826         16          0          0          0        492   daddsub_clz.o
        24          0          0          0          0        116   dcmpi.o
       688        140          0          0          0        256   ddiv.o
        90          4          0          0          0        140   dfixu.o
        84          0          0          0          0        232   dflt_clz.o
       120          4          0          0          0        140   dleqf.o
       340         12          0          0          0        152   dmul.o
       156          4          0          0          0        140   dnaninf.o
        12          0          0          0          0        116   dretinf.o
       108          0          0          0          0        128   drleqf.o
        86          4          0          0          0        132   f2d.o
       140          4          0          0          0        132   fnaninf.o
        10          0          0          0          0        116   fpinit.o
        10          0          0          0          0        116   fretinf.o
        96          4          0          0          0        124   frnd.o
         0          0          0          0          0          0   usenofp.o
        20          0          0          0          0        124   fabs.o
       280         28          0          0          0        156   floor.o
       154          0          0          0          0        140   roundf.o

    ----------------------------------------------------------------------
      3974        240          0          0         96       4020   Library Totals
        16          0          0          0          0          0   (incl. Padding)

    ----------------------------------------------------------------------

      Code (inc. data)   RO Data    RW Data    ZI Data      Debug   Library Name

       592         16          0          0         96        764   c_w.l
      2912        196          0          0          0       2836   fz_wm.l
       454         28          0          0          0        420   m_wm.l

    ----------------------------------------------------------------------
      3974        240          0          0         96       4020   Library Totals

    ----------------------------------------------------------------------

==============================================================================


      Code (inc. data)   RO Data    RW Data    ZI Data      Debug   

     37660       3696        488        184       2200     873021   Grand Totals
     37660       3696        488        184       2200     873021   ELF Image Totals
     37660       3696        488        184          0          0   ROM Totals

==============================================================================

    Total RO  Size (Code + RO Data)                38148 (  37.25kB)
    Total RW  Size (RW Data + ZI Data)              2384 (   2.33kB)
    Total ROM Size (Code + RO Data + RW Data)      38332 (  37.43kB)

==============================================================================

